Component: ARM Compiler 6.16 Tool: armlink [5dfeaa00]

==============================================================================

Section Cross References

    startup_stm32f407xx.o(RESET) refers to startup_stm32f407xx.o(STACK) for __initial_sp
    startup_stm32f407xx.o(RESET) refers to startup_stm32f407xx.o(.text) for Reset_Handler
    startup_stm32f407xx.o(RESET) refers to stm32f4xx_it.o(.text.NMI_Handler) for NMI_Handler
    startup_stm32f407xx.o(RESET) refers to stm32f4xx_it.o(.text.HardFault_Handler) for HardFault_Handler
    startup_stm32f407xx.o(RESET) refers to stm32f4xx_it.o(.text.MemManage_Handler) for MemManage_Handler
    startup_stm32f407xx.o(RESET) refers to stm32f4xx_it.o(.text.BusFault_Handler) for BusFault_Handler
    startup_stm32f407xx.o(RESET) refers to stm32f4xx_it.o(.text.UsageFault_Handler) for UsageFault_Handler
    startup_stm32f407xx.o(RESET) refers to port.o(.text.SVC_Handler) for SVC_Handler
    startup_stm32f407xx.o(RESET) refers to stm32f4xx_it.o(.text.DebugMon_Handler) for DebugMon_Handler
    startup_stm32f407xx.o(RESET) refers to port.o(.text.PendSV_Handler) for PendSV_Handler
    startup_stm32f407xx.o(RESET) refers to port.o(.text.SysTick_Handler) for SysTick_Handler
    startup_stm32f407xx.o(RESET) refers to stm32f4xx_it.o(.text.DMA1_Stream1_IRQHandler) for DMA1_Stream1_IRQHandler
    startup_stm32f407xx.o(RESET) refers to stm32f4xx_it.o(.text.DMA1_Stream3_IRQHandler) for DMA1_Stream3_IRQHandler
    startup_stm32f407xx.o(RESET) refers to stm32f4xx_it.o(.text.CAN1_RX0_IRQHandler) for CAN1_RX0_IRQHandler
    startup_stm32f407xx.o(RESET) refers to stm32f4xx_it.o(.text.TIM3_IRQHandler) for TIM3_IRQHandler
    startup_stm32f407xx.o(RESET) refers to stm32f4xx_it.o(.text.USART1_IRQHandler) for USART1_IRQHandler
    startup_stm32f407xx.o(RESET) refers to cmsinterface.o(.text.USART3_IRQHandler) for USART3_IRQHandler
    startup_stm32f407xx.o(RESET) refers to stm32f4xx_it.o(.text.TIM7_IRQHandler) for TIM7_IRQHandler
    startup_stm32f407xx.o(RESET) refers to stm32f4xx_it.o(.text.DMA2_Stream1_IRQHandler) for DMA2_Stream1_IRQHandler
    startup_stm32f407xx.o(RESET) refers to stm32f4xx_it.o(.text.DMA2_Stream2_IRQHandler) for DMA2_Stream2_IRQHandler
    startup_stm32f407xx.o(RESET) refers to stm32f4xx_it.o(.text.CAN2_RX0_IRQHandler) for CAN2_RX0_IRQHandler
    startup_stm32f407xx.o(RESET) refers to stm32f4xx_it.o(.text.DMA2_Stream6_IRQHandler) for DMA2_Stream6_IRQHandler
    startup_stm32f407xx.o(RESET) refers to stm32f4xx_it.o(.text.DMA2_Stream7_IRQHandler) for DMA2_Stream7_IRQHandler
    startup_stm32f407xx.o(RESET) refers to refereetask.o(.text.USART6_IRQHandler) for USART6_IRQHandler
    startup_stm32f407xx.o(.text) refers to system_stm32f4xx.o(.text.SystemInit) for SystemInit
    startup_stm32f407xx.o(.text) refers to entry.o(.ARM.Collect$$$$00000000) for __main
    main.o(.text.main) refers to stm32f4xx_hal.o(.text.HAL_Init) for HAL_Init
    main.o(.text.main) refers to main.o(.text.SystemClock_Config) for SystemClock_Config
    main.o(.text.main) refers to gpio.o(.text.MX_GPIO_Init) for MX_GPIO_Init
    main.o(.text.main) refers to dma.o(.text.MX_DMA_Init) for MX_DMA_Init
    main.o(.text.main) refers to can.o(.text.MX_CAN1_Init) for MX_CAN1_Init
    main.o(.text.main) refers to can.o(.text.MX_CAN2_Init) for MX_CAN2_Init
    main.o(.text.main) refers to usart.o(.text.MX_USART3_UART_Init) for MX_USART3_UART_Init
    main.o(.text.main) refers to usart.o(.text.MX_USART6_UART_Init) for MX_USART6_UART_Init
    main.o(.text.main) refers to usart.o(.text.MX_USART1_UART_Init) for MX_USART1_UART_Init
    main.o(.text.main) refers to tim.o(.text.MX_TIM3_Init) for MX_TIM3_Init
    main.o(.text.main) refers to tim.o(.bss.htim3) for htim3
    main.o(.text.main) refers to stm32f4xx_hal_tim.o(.text.HAL_TIM_Base_Start_IT) for HAL_TIM_Base_Start_IT
    main.o(.text.main) refers to canreceivedecom.o(.text.can_filter_init) for can_filter_init
    main.o(.text.main) refers to cmsinterface.o(.text.CMS_usart_init) for CMS_usart_init
    main.o(.text.main) refers to usart.o(.bss.huart3) for huart3
    main.o(.text.main) refers to cmsinterface.o(.bss.CMS_Hub) for CMS_Hub
    main.o(.text.main) refers to usart.o(.bss.hdma_usart3_tx) for hdma_usart3_tx
    main.o(.text.main) refers to usart.o(.bss.hdma_usart3_rx) for hdma_usart3_rx
    main.o(.text.main) refers to cmsinterface.o(.text.USER_CMS_init) for USER_CMS_init
    main.o(.text.main) refers to freertos.o(.text.MX_FREERTOS_Init) for MX_FREERTOS_Init
    main.o(.text.main) refers to cmsis_os.o(.text.osKernelStart) for osKernelStart
    main.o(.ARM.exidx.text.main) refers to main.o(.text.main) for [Anonymous Symbol]
    main.o(.text.SystemClock_Config) refers to memseta.o(.text) for __aeabi_memclr4
    main.o(.text.SystemClock_Config) refers to stm32f4xx_hal_rcc.o(.text.HAL_RCC_OscConfig) for HAL_RCC_OscConfig
    main.o(.text.SystemClock_Config) refers to main.o(.text.Error_Handler) for Error_Handler
[...]
    osDelayUntil                             0x0800b559   Thumb Code    12  cmsis_os.o(.text.osDelayUntil)
    osKernelStart                            0x0800b565   Thumb Code    10  cmsis_os.o(.text.osKernelStart)
    osThreadCreate                           0x0800b571   Thumb Code   172  cmsis_os.o(.text.osThreadCreate)
    pvPortMalloc                             0x0800bcf9   Thumb Code   492  heap_4.o(.text.pvPortMalloc)
    pxPortInitialiseStack                    0x0800bee5   Thumb Code    94  port.o(.text.pxPortInitialiseStack)
    referee_data_solve                       0x0800bf45   Thumb Code   890  refereebehaviour.o(.text.referee_data_solve)
    referee_unpack_fifo_data                 0x0800c2c1   Thumb Code   484  refereetask.o(.text.referee_unpack_fifo_data)
    send_bullet_limit                        0x0800c4a5   Thumb Code   146  chassissendprotocol.o(.text.send_bullet_limit)
    send_bullet_speed                        0x0800c539   Thumb Code   182  chassissendprotocol.o(.text.send_bullet_speed)
    send_enemy_information                   0x0800c5f1   Thumb Code   126  chassissendprotocol.o(.text.send_enemy_information)
    send_power_heat_data                     0x0800c671   Thumb Code   136  chassissendprotocol.o(.text.send_power_heat_data)
    send_robot_information                   0x0800c6f9   Thumb Code    94  chassissendprotocol.o(.text.send_robot_information)
    theta_format                             0x0800c759   Thumb Code    36  user_lib.o(.text.theta_format)
    usart6_init                              0x0800c77d   Thumb Code   400  bsp_referee.o(.text.usart6_init)
    uxListRemove                             0x0800c90d   Thumb Code    72  list.o(.text.uxListRemove)
    vApplicationGetIdleTaskMemory            0x0800c955   Thumb Code    42  freertos.o(.text.vApplicationGetIdleTaskMemory)
    vListInitialise                          0x0800c981   Thumb Code    46  list.o(.text.vListInitialise)
    vListInitialiseItem                      0x0800c9b1   Thumb Code    14  list.o(.text.vListInitialiseItem)
    vListInsert                              0x0800c9c1   Thumb Code   106  list.o(.text.vListInsert)
    vListInsertEnd                           0x0800ca2d   Thumb Code    58  list.o(.text.vListInsertEnd)
    vPortEnterCritical                       0x0800ca7d   Thumb Code    86  port.o(.text.vPortEnterCritical)
    vPortExitCritical                        0x0800cad5   Thumb Code    74  port.o(.text.vPortExitCritical)
    vPortFree                                0x0800cb21   Thumb Code   206  heap_4.o(.text.vPortFree)
    vPortSetupTimerInterrupt                 0x0800cbf1   Thumb Code    68  port.o(.text.vPortSetupTimerInterrupt)
    vTaskDelay                               0x0800cc35   Thumb Code   110  tasks.o(.text.vTaskDelay)
    vTaskStartScheduler                      0x0800cca5   Thumb Code   206  tasks.o(.text.vTaskStartScheduler)
    vTaskSuspendAll                          0x0800cd75   Thumb Code    16  tasks.o(.text.vTaskSuspendAll)
    vTaskSwitchContext                       0x0800cd85   Thumb Code   190  tasks.o(.text.vTaskSwitchContext)
    verify_CRC16_check_sum                   0x0800ce45   Thumb Code   124  crc8_crc16.o(.text.verify_CRC16_check_sum)
    verify_CRC8_check_sum                    0x0800cec1   Thumb Code    82  crc8_crc16.o(.text.verify_CRC8_check_sum)
    xPortStartScheduler                      0x0800cf15   Thumb Code   342  port.o(.text.xPortStartScheduler)
    xTaskCreate                              0x0800d06d   Thumb Code   158  tasks.o(.text.xTaskCreate)
    xTaskCreateStatic                        0x0800d10d   Thumb Code   206  tasks.o(.text.xTaskCreateStatic)
    xTaskIncrementTick                       0x0800d1dd   Thumb Code   440  tasks.o(.text.xTaskIncrementTick)
    xTaskResumeAll                           0x0800d395   Thumb Code   376  tasks.o(.text.xTaskResumeAll)
    __0printf                                0x0800d50d   Thumb Code    22  printfa.o(i.__0printf)
    __1printf                                0x0800d50d   Thumb Code     0  printfa.o(i.__0printf)
    __2printf                                0x0800d50d   Thumb Code     0  printfa.o(i.__0printf)
    __c89printf                              0x0800d50d   Thumb Code     0  printfa.o(i.__0printf)
    printf                                   0x0800d50d   Thumb Code     0  printfa.o(i.__0printf)
    __ARM_fpclassify                         0x0800d52d   Thumb Code    48  fpclassify.o(i.__ARM_fpclassify)
    __hardfp_exp                             0x0800d561   Thumb Code   714  exp.o(i.__hardfp_exp)
    __kernel_poly                            0x0800d8b9   Thumb Code   248  poly.o(i.__kernel_poly)
    __mathlib_dbl_infnan                     0x0800d9b1   Thumb Code    20  dunder.o(i.__mathlib_dbl_infnan)
    __mathlib_dbl_overflow                   0x0800d9c9   Thumb Code    24  dunder.o(i.__mathlib_dbl_overflow)
    __mathlib_dbl_underflow                  0x0800d9e9   Thumb Code    24  dunder.o(i.__mathlib_dbl_underflow)
    __scatterload_copy                       0x0800da09   Thumb Code    14  handlers.o(i.__scatterload_copy)
    __scatterload_null                       0x0800da17   Thumb Code     2  handlers.o(i.__scatterload_null)
    __scatterload_zeroinit                   0x0800da19   Thumb Code    14  handlers.o(i.__scatterload_zeroinit)
    __set_errno                              0x0800da29   Thumb Code     6  errno.o(i.__set_errno)
    sinTable_f32                             0x0800e2e8   Data        2052  arm_common_tables.o(.constdata)
    AHBPrescTable                            0x0800ebf0   Data          16  system_stm32f4xx.o(.rodata.AHBPrescTable)
    APBPrescTable                            0x0800ec00   Data           8  system_stm32f4xx.o(.rodata.APBPrescTable)
    CRC8_TAB_UI                              0x0800ec08   Data         256  rm_cilent_ui.o(.rodata.CRC8_TAB_UI)
    CRC8_table                               0x0800ed08   Data         256  crc8_crc16.o(.rodata.CRC8_table)
    auchCRCHi                                0x0800ee10   Data         256  mbrtu.o(.rodata.auchCRCHi)
    auchCRCLo                                0x0800ef10   Data         256  mbrtu.o(.rodata.auchCRCLo)
    wCRC_Table_UI                            0x0800f150   Data         512  rm_cilent_ui.o(.rodata.wCRC_Table_UI)
    wCRC_table                               0x0800f350   Data         512  crc8_crc16.o(.rodata.wCRC_table)
    Region$$Table$$Base                      0x0800f550   Number         0  anon$$obj.o(Region$$Table)
    Region$$Table$$Limit                     0x0800f570   Number         0  anon$$obj.o(Region$$Table)
    CRC16_INIT                               0x20000004   Data           2  crc8_crc16.o(.data.CRC16_INIT)
    CommandList                              0x20000008   Data          20  cmsinterface.o(.data.CommandList)
    HandleSlaveRespond                       0x2000001c   Data          16  mbrtumaster.o(.data.HandleSlaveRespond)
    M                                        0x2000002c   Data           4  ui.o(.data.M)
    ReadCommandList                          0x20000030   Data          20  cmsinterface.o(.data.ReadCommandList)
    SupKp                                    0x20000044   Data           4  chassispowerbehaviour.o(.data.SupKp)
    SystemCoreClock                          0x20000048   Data           4  system_stm32f4xx.o(.data.SystemCoreClock)
    Time                                     0x2000004c   Data           4  ui.o(.data.Time)
    WZPid                                    0x20000050   Data          12  chassistask.o(.data.WZPid)
    XYPid                                    0x2000005c   Data          48  chassistask.o(.data.XYPid)
    real_buffer_limit                        0x2000008c   Data           4  chassispowerbehaviour.o(.data.real_buffer_limit)
    robot_level                              0x20000090   Data           4  chassispowerbehaviour.o(.data.robot_level)
    rote_powkp                               0x20000094   Data           4  chassistask.o(.data.rote_powkp)
    roting_speed                             0x20000098   Data           4  chassistask.o(.data.roting_speed)
    total_powerKP                            0x2000009c   Data           4  chassispowerbehaviour.o(.data.total_powerKP)
    uwTickFreq                               0x200000a0   Data           1  stm32f4xx_hal.o(.data.uwTickFreq)
    uwTickPrio                               0x200000a4   Data           4  stm32f4xx_hal.o(.data.uwTickPrio)
    Abuff                                    0x200000b0   Data          45  ui.o(.bss.Abuff)
    BufferFunctionWZ                         0x200000e0   Data          20  chassistask.o(.bss.BufferFunctionWZ)
    BufferFunctionX                          0x200000f4   Data          20  chassistask.o(.bss.BufferFunctionX)
    BufferFunctionY                          0x20000108   Data          20  chassistask.o(.bss.BufferFunctionY)
    BulletLimit                              0x2000011c   Data          33  chassissendprotocol.o(.bss.BulletLimit)
    BulletSpeed                              0x2000013d   Data          11  chassissendprotocol.o(.bss.BulletSpeed)
    CMSCounter                               0x20000148   Data           4  cansendtask.o(.bss.CMSCounter)
    CMSInputCurrent                          0x2000014c   Data           4  cmsinterface.o(.bss.CMSInputCurrent)
    CMSInputVoltage                          0x20000150   Data           4  cmsinterface.o(.bss.CMSInputVoltage)
    CMS_Hub                                  0x20000154   Data         164  cmsinterface.o(.bss.CMS_Hub)
    CMS_Route_ref                            0x200001f8   Data           1  cmsinterface.o(.bss.CMS_Route_ref)
    CanSendHandle                            0x200001fc   Data           4  freertos.o(.bss.CanSendHandle)
    CapChageCurrent                          0x20000200   Data           4  cmsinterface.o(.bss.CapChageCurrent)
    CapChageVoltage                          0x20000204   Data           4  cmsinterface.o(.bss.CapChageVoltage)
    Cbuff                                    0x20000208   Data          45  ui.o(.bss.Cbuff)
    ChassisCtrl                              0x20000238   Data         432  chassistask.o(.bss.ChassisCtrl)
    ChassisHandle                            0x200003e8   Data           4  freertos.o(.bss.ChassisHandle)
    ChassisMotor                             0x200003ec   Data          80  canreceivedecom.o(.bss.ChassisMotor)
    CoilStatus                               0x2000043c   Data          64  cmsinterface.o(.bss.CoilStatus)
    CommandCounter                           0x2000047c   Data           4  cmsinterface.o(.bss.CommandCounter)
    DAFU                                     0x20000480   Data          45  ui.o(.bss.DAFU)
    DataBuffer                               0x200004ad   Data          11  cansendtask.o(.bss.DataBuffer)
    DataVsualizatioHandle                    0x200004b8   Data           4  freertos.o(.bss.DataVsualizatioHandle)
    EnemyInformation                         0x200004bc   Data          11  chassissendprotocol.o(.bss.EnemyInformation)
    Erro_angle                               0x200004c8   Data           4  chassistask.o(.bss.Erro_angle)
    Error_Code                               0x200004cc   Data           1  cmsinterface.o(.bss.Error_Code)
    GUIHandle                                0x200004d0   Data           4  freertos.o(.bss.GUIHandle)
    HoldingRegister                          0x200004dc   Data         128  cmsinterface.o(.bss.HoldingRegister)
    InputRegister                            0x2000055c   Data         128  cmsinterface.o(.bss.InputRegister)
    InputStatus                              0x200005dc   Data          64  cmsinterface.o(.bss.InputStatus)
    Min                                      0x2000061c   Data          15  ui.o(.bss.Min)
    PTZ                                      0x2000062b   Data           7  canreceivedecom.o(.bss.PTZ)
    Pbuff                                    0x20000632   Data          45  ui.o(.bss.Pbuff)
    PowerHeatData                            0x2000065f   Data          22  chassissendprotocol.o(.bss.PowerHeatData)
    PowerState                               0x20000675   Data           1  cmsinterface.o(.bss.PowerState)
    RefereeHandle                            0x20000678   Data           4  freertos.o(.bss.RefereeHandle)
    RobotInformation                         0x2000067c   Data          11  chassissendprotocol.o(.bss.RobotInformation)
    S                                        0x20000688   Data           4  ui.o(.bss.S)
    Sec                                      0x2000068c   Data          15  ui.o(.bss.Sec)
    SendBuffer                               0x2000069c   Data        1048  refereebehaviour.o(.bss.SendBuffer)
    UI_Seq                                   0x20000ab4   Data           1  rm_cilent_ui.o(.bss.UI_Seq)
    YawMotor                                 0x20000ab8   Data          20  canreceivedecom.o(.bss.YawMotor)
    ZIMIAO                                   0x20000acc   Data          45  ui.o(.bss.ZIMIAO)
    __stdout                                 0x20000afc   Data          84  vofa.o(.bss.__stdout)
    available_current                        0x20000b50   Data           4  chassispowerbehaviour.o(.bss.available_current)
    buff_musk_t                              0x20000b54   Data           1  refereebehaviour.o(.bss.buff_musk_t)
    bullet3                                  0x20000b55   Data          45  ui.o(.bss.bullet3)
    bullet_remaining_t                       0x20000b82   Data           6  refereebehaviour.o(.bss.bullet_remaining_t)
    capacity                                 0x20000bc0   Data          45  ui.o(.bss.capacity)
    capacityD                                0x20000bed   Data          15  ui.o(.bss.capacityD)
    chassis_power                            0x20000bfc   Data           4  chassispowerbehaviour.o(.bss.chassis_power)
    chassis_power_buffer                     0x20000c00   Data           4  chassispowerbehaviour.o(.bss.chassis_power_buffer)
    chassis_volt                             0x20000c04   Data           4  chassispowerbehaviour.o(.bss.chassis_volt)
    dafustate                                0x20000c08   Data          45  ui.o(.bss.dafustate)
    dafustate1                               0x20000c35   Data          45  ui.o(.bss.dafustate1)
    dart_client_cmd_t                        0x20000c62   Data           6  refereebehaviour.o(.bss.dart_client_cmd_t)
    dart_remaining_time_t                    0x20000c68   Data           1  refereebehaviour.o(.bss.dart_remaining_time_t)
    defaultTaskHandle                        0x20000c6c   Data           4  freertos.o(.bss.defaultTaskHandle)
    deng2                                    0x20000c70   Data          15  ui.o(.bss.deng2)
    deng3                                    0x20000c7f   Data          15  ui.o(.bss.deng3)
    enemy_information                        0x20000c8e   Data           8  chassissendprotocol.o(.bss.enemy_information)
    field_event                              0x20000c98   Data           4  refereebehaviour.o(.bss.field_event)
    game_result                              0x20000c9c   Data           1  refereebehaviour.o(.bss.game_result)
    game_robot_HP_t                          0x20000c9e   Data          32  refereebehaviour.o(.bss.game_robot_HP_t)
    game_robot_pos_t                         0x20000cc0   Data          16  refereebehaviour.o(.bss.game_robot_pos_t)
    game_state                               0x20000cd0   Data          11  refereebehaviour.o(.bss.game_state)
    hcan1                                    0x20000cdc   Data          40  can.o(.bss.hcan1)
    hcan2                                    0x20000d04   Data          40  can.o(.bss.hcan2)
    hdma_usart1_rx                           0x20000d2c   Data          96  usart.o(.bss.hdma_usart1_rx)
    hdma_usart1_tx                           0x20000d8c   Data          96  usart.o(.bss.hdma_usart1_tx)
    hdma_usart3_rx                           0x20000dec   Data          96  usart.o(.bss.hdma_usart3_rx)
    hdma_usart3_tx                           0x20000e4c   Data          96  usart.o(.bss.hdma_usart3_tx)
    hdma_usart6_rx                           0x20000eac   Data          96  usart.o(.bss.hdma_usart6_rx)
    hdma_usart6_tx                           0x20000f0c   Data          96  usart.o(.bss.hdma_usart6_tx)
    hgraInfo                                 0x20000f6c   Data           6  cmsinterface.o(.bss.hgraInfo)
    htim3                                    0x20000f74   Data          72  tim.o(.bss.htim3)
    htim7                                    0x20000fbc   Data          72  stm32f4xx_hal_timebase_tim.o(.bss.htim7)
    huart1                                   0x20001004   Data          68  usart.o(.bss.huart1)
    huart3                                   0x20001048   Data          68  usart.o(.bss.huart3)
    huart6                                   0x2000108c   Data          68  usart.o(.bss.huart6)
    imagex                                   0x200010d0   Data          15  ui.o(.bss.imagex)
    imagex1                                  0x200010df   Data          15  ui.o(.bss.imagex1)
    imagex2                                  0x200010ee   Data          15  ui.o(.bss.imagex2)
    imagex3                                  0x200010fd   Data          15  ui.o(.bss.imagex3)
    imagey                                   0x2000110c   Data          15  ui.o(.bss.imagey)
    imagey1                                  0x2000111b   Data          15  ui.o(.bss.imagey1)
    imagey2                                  0x2000112a   Data          15  ui.o(.bss.imagey2)
    imagey3                                  0x20001139   Data          15  ui.o(.bss.imagey3)
    imagey4                                  0x20001148   Data          15  ui.o(.bss.imagey4)
    kuang                                    0x20001157   Data          15  ui.o(.bss.kuang)
    power_heat_data_t                        0x20001168   Data          16  refereebehaviour.o(.bss.power_heat_data_t)
    power_limit                              0x20001178   Data           4  chassispowerbehaviour.o(.bss.power_limit)
    pxCurrentTCB                             0x2000117c   Data           4  tasks.o(.bss.pxCurrentTCB)
    real_power_limit                         0x20001218   Data           4  chassispowerbehaviour.o(.bss.real_power_limit)
    referee_fifo                             0x2000121c   Data          24  refereetask.o(.bss.referee_fifo)
    referee_fifo_buf                         0x20001234   Data        1024  refereetask.o(.bss.referee_fifo_buf)
    referee_receive_header                   0x20001634   Data           5  refereebehaviour.o(.bss.referee_receive_header)
    referee_send_header                      0x20001639   Data           5  refereebehaviour.o(.bss.referee_send_header)
    referee_unpack_obj                       0x2000163e   Data         137  refereetask.o(.bss.referee_unpack_obj)
    referee_warning_t                        0x200016c7   Data           2  refereebehaviour.o(.bss.referee_warning_t)
    remain_current                           0x200016cc   Data           4  chassispowerbehaviour.o(.bss.remain_current)
    rfid_status_t                            0x200016d0   Data           4  refereebehaviour.o(.bss.rfid_status_t)
    robot_energy_t                           0x200016d4   Data           1  refereebehaviour.o(.bss.robot_energy_t)
    robot_hurt_t                             0x200016d5   Data           1  refereebehaviour.o(.bss.robot_hurt_t)
    robot_information                        0x200016d6   Data           6  chassissendprotocol.o(.bss.robot_information)
    robot_state                              0x200016dc   Data          29  refereebehaviour.o(.bss.robot_state)
    rtuMaster                                0x200016fc   Data          56  cmsinterface.o(.bss.rtuMaster)
    rtuSlave                                 0x20001734   Data          20  cmsinterface.o(.bss.rtuSlave)
    shoot_data_t                             0x20001748   Data           7  refereebehaviour.o(.bss.shoot_data_t)
    state                                    0x2000174f   Data          45  ui.o(.bss.state)
    state4                                   0x2000177c   Data          45  ui.o(.bss.state4)
    stop_time                                0x200017ac   Data           4  cmsinterface.o(.bss.stop_time)
    student_interactive_data_t               0x200017b0   Data           6  refereebehaviour.o(.bss.student_interactive_data_t)
    supply_projectile_action_t               0x200017b6   Data           4  refereebehaviour.o(.bss.supply_projectile_action_t)
    supply_projectile_booking_t              0x200017ba   Data           3  refereebehaviour.o(.bss.supply_projectile_booking_t)
    testPoint                                0x200017c0   Data           4  mbrtumaster.o(.bss.testPoint)
    total_power                              0x200017c4   Data           4  chassispowerbehaviour.o(.bss.total_power)
    usart6_buf                               0x200053d0   Data        1024  refereetask.o(.bss.usart6_buf)
    uwTick                                   0x200057d0   Data           4  stm32f4xx_hal.o(.bss.uwTick)
    watch_pre_current                        0x200057e8   Data           4  chassispowerbehaviour.o(.bss.watch_pre_current)
    zimiaostate                              0x20005adc   Data          45  ui.o(.bss.zimiaostate)
    zimiaostate1                             0x20005b09   Data          45  ui.o(.bss.zimiaostate1)
    __initial_sp                             0x20007b38   Data           0  startup_stm32f407xx.o(STACK)



==============================================================================

Memory Map of the image

  Image Entry point : 0x08000189

  Load Region LR_IROM1 (Base: 0x08000000, Size: 0x0000f620, Max: 0x00080000, ABSOLUTE)

    Execution Region ER_IROM1 (Exec base: 0x08000000, Load base: 0x08000000, Size: 0x0000f570, Max: 0x00080000, ABSOLUTE)

    Exec Addr    Load Addr    Size         Type   Attr      Idx    E Section Name        Object

    0x08000000   0x08000000   0x00000188   Data   RO            3    RESET               startup_stm32f407xx.o
    0x08000188   0x08000188   0x00000000   Code   RO         2741  * .ARM.Collect$$$$00000000  mc_w.l(entry.o)
    0x08000188   0x08000188   0x00000004   Code   RO         2846    .ARM.Collect$$$$00000001  mc_w.l(entry2.o)
    0x0800018c   0x0800018c   0x00000004   Code   RO         2849    .ARM.Collect$$$$00000004  mc_w.l(entry5.o)
    0x08000190   0x08000190   0x00000000   Code   RO         2851    .ARM.Collect$$$$00000008  mc_w.l(entry7b.o)
    0x08000190   0x08000190   0x00000000   Code   RO         2853    .ARM.Collect$$$$0000000A  mc_w.l(entry8b.o)
    0x08000190   0x08000190   0x00000008   Code   RO         2854    .ARM.Collect$$$$0000000B  mc_w.l(entry9a.o)
    0x08000198   0x08000198   0x00000000   Code   RO         2856    .ARM.Collect$$$$0000000D  mc_w.l(entry10a.o)
    0x08000198   0x08000198   0x00000000   Code   RO         2858    .ARM.Collect$$$$0000000F  mc_w.l(entry11a.o)
    0x08000198   0x08000198   0x00000004   Code   RO         2847    .ARM.Collect$$$$00002712  mc_w.l(entry2.o)
    0x0800019c   0x0800019c   0x00000024   Code   RO            4    .text               startup_stm32f407xx.o
    0x080001c0   0x080001c0   0x00000078   Code   RO         2571    .text               arm_cortexM4lf_math.lib(arm_cos_f32.o)
    0x08000238   0x08000238   0x00000074   Code   RO         2625    .text               arm_cortexM4lf_math.lib(arm_sin_f32.o)
    0x080002ac   0x080002ac   0x00000062   Code   RO         2744    .text               mc_w.l(uldiv.o)
    0x0800030e   0x0800030e   0x00000024   Code   RO         2746    .text               mc_w.l(memcpya.o)
    0x08000332   0x08000332   0x00000024   Code   RO         2748    .text               mc_w.l(memseta.o)
    0x08000356   0x08000356   0x0000014e   Code   RO         2808    .text               mf_w.l(dadd.o)
    0x080004a4   0x080004a4   0x000000e4   Code   RO         2810    .text               mf_w.l(dmul.o)
    0x08000588   0x08000588   0x000000de   Code   RO         2812    .text               mf_w.l(ddiv.o)
    0x08000666   0x08000666   0x00000022   Code   RO         2820    .text               mf_w.l(dflti.o)
    0x08000688   0x08000688   0x0000003e   Code   RO         2822    .text               mf_w.l(dfixi.o)
    0x080006c6   0x080006c6   0x00000026   Code   RO         2824    .text               mf_w.l(f2d.o)
    0x080006ec   0x080006ec   0x00000038   Code   RO         2826    .text               mf_w.l(d2f.o)
    0x08000724   0x08000724   0x0000002c   Code   RO         2869    .text               mc_w.l(uidiv.o)
    0x08000750   0x08000750   0x0000001e   Code   RO         2871    .text               mc_w.l(llshl.o)
    0x0800076e   0x0800076e   0x00000020   Code   RO         2873    .text               mc_w.l(llushr.o)
    0x0800078e   0x0800078e   0x00000024   Code   RO         2875    .text               mc_w.l(llsshr.o)
    0x080007b2   0x080007b2   0x00000000   Code   RO         2886    .text               mc_w.l(iusefp.o)
    0x080007b2   0x080007b2   0x0000006e   Code   RO         2887    .text               mf_w.l(fepilogue.o)
    0x08000820   0x08000820   0x000000ba   Code   RO         2889    .text               mf_w.l(depilogue.o)
    0x080008da   0x080008da   0x00000030   Code   RO         2891    .text               mf_w.l(dfixul.o)
    0x0800090a   0x0800090a   0x00000002   PAD
    0x0800090c   0x0800090c   0x00000030   Code   RO         2893    .text               mf_w.l(cdcmple.o)
    0x0800093c   0x0800093c   0x00000030   Code   RO         2895    .text               mf_w.l(cdrcmple.o)
    0x0800096c   0x0800096c   0x00000024   Code   RO         2897    .text               mc_w.l(init.o)
    0x08000990   0x08000990   0x0000044a   Code   RO         1858    .text.APP_BatteryCombineBuckBoost2  cmsinterface.o
    0x08000dda   0x08000dda   0x00000006   PAD
    0x08000de0   0x08000de0   0x00000120   Code   RO         1687    .text.BufferFunctionCalc  chassistask.o
    0x08000f00   0x08000f00   0x00000024   Code   RO         1681    .text.BufferFunctionInit  chassistask.o
    0x08000f24   0x08000f24   0x00000004   Code   RO          143    .text.BusFault_Handler  stm32f4xx_it.o
    0x08000f28   0x08000f28   0x00000010   Code   RO          153    .text.CAN1_RX0_IRQHandler  stm32f4xx_it.o
    0x08000f38   0x08000f38   0x00000010   Code   RO          165    .text.CAN2_RX0_IRQHandler  stm32f4xx_it.o
    0x08000f48   0x08000f48   0x00000026   Code   RO         1878    .text.CMS_usart_init  cmsinterface.o
    0x08000f6e   0x08000f6e   0x00000002   PAD
    0x08000f70   0x08000f70   0x00000052   Code   RO         1735    .text.CanSendTask   cansendtask.o
    0x08000fc2   0x08000fc2   0x00000002   PAD
    0x08000fc4   0x08000fc4   0x00000034   Code   RO         1737    .text.Can_Send      cansendtask.o
    0x08000ff8   0x08000ff8   0x000001ec   Code   RO         1970    .text.Char_Draw     rm_cilent_ui.o
    0x080011e4   0x080011e4   0x000002a8   Code   RO         1974    .text.Char_ReFresh  rm_cilent_ui.o
    0x0800148c   0x0800148c   0x00000076   Code   RO         2145    .text.ChassisCMD    bspmotor.o
    0x08001502   0x08001502   0x00000002   PAD
    0x08001504   0x08001504   0x000005f8   Code   RO         1685    .text.ChassisContolSet  chassistask.o
    0x08001afc   0x08001afc   0x000001c4   Code   RO         1689    .text.ChassisControlLoop  chassistask.o
    0x08001cc0   0x08001cc0   0x00000100   Code   RO         1679    .text.ChassisInit   chassistask.o
    0x08001dc0   0x08001dc0   0x0000000c   Code   RO         1800    .text.ChassisPowerControl  chassispowerbehaviour.o
    0x08001dcc   0x08001dcc   0x00000100   Code   RO         1796    .text.ChassisPowerloop  chassispowerbehaviour.o
    0x08001ecc   0x08001ecc   0x00000004   PAD
    0x08001ed0   0x08001ed0   0x00000530   Code   RO         1798    .text.ChassisReduceRate  chassispowerbehaviour.o
    0x08002400   0x08002400   0x0000006c   Code   RO         1683    .text.ChassisSetmode  chassistask.o
    0x0800246c   0x0800246c   0x00000064   Code   RO         1677    .text.ChassisTask   chassistask.o
    0x080024d0   0x080024d0   0x00000044   Code   RO         2404    .text.CheckFunctionCode  mbpdu.o
    0x08002514   0x08002514   0x000000b4   Code   RO         2446    .text.CheckMessageAgreeWithCommand  mbrtumaster.o
    0x080025c8   0x080025c8   0x0000002a   Code   RO         2419    .text.CheckRTUMessageIntegrity  mbrtu.o
    0x080025f2   0x080025f2   0x00000002   PAD
    0x080025f4   0x080025f4   0x0000018e   Code   RO         1964    .text.Circle_Draw   rm_cilent_ui.o
    0x08002782   0x08002782   0x00000002   PAD
    0x08002784   0x08002784   0x000000a2   Code   RO         2396    .text.ConvertBoolArrayToMBByteArray  mbpdu.o
    0x08002826   0x08002826   0x00000002   PAD
    0x08002828   0x08002828   0x0000006e   Code   RO         2398    .text.ConvertRegisterArrayToMBByteArray  mbpdu.o
    0x08002896   0x08002896   0x00000002   PAD
    0x08002898   0x08002898   0x000000da   Code   RO         2442    .text.CreateAccessSlaveCommand  mbrtumaster.o
    0x08002972   0x08002972   0x00000002   PAD
    0x08002974   0x08002974   0x00000010   Code   RO          149    .text.DMA1_Stream1_IRQHandler  stm32f4xx_it.o
    0x08002984   0x08002984   0x00000010   Code   RO          151    .text.DMA1_Stream3_IRQHandler  stm32f4xx_it.o
    0x08002994   0x08002994   0x00000010   Code   RO          161    .text.DMA2_Stream1_IRQHandler  stm32f4xx_it.o
    0x080029a4   0x080029a4   0x00000010   Code   RO          163    .text.DMA2_Stream2_IRQHandler  stm32f4xx_it.o
    0x080029b4   0x080029b4   0x00000010   Code   RO          167    .text.DMA2_Stream6_IRQHandler  stm32f4xx_it.o
    0x080029c4   0x080029c4   0x00000010   Code   RO          169    .text.DMA2_Stream7_IRQHandler  stm32f4xx_it.o
    0x080029d4   0x080029d4   0x00000056   Code   RO          457    .text.DMA_CalcBaseAndBitshift  stm32f4xx_hal_dma.o
    0x08002a2a   0x08002a2a   0x00000002   PAD
    0x08002a2c   0x08002a2c   0x000000f0   Code   RO          455    .text.DMA_CheckFifoParam  stm32f4xx_hal_dma.o
    0x08002b1c   0x08002b1c   0x00000050   Code   RO          463    .text.DMA_SetConfig  stm32f4xx_hal_dma.o
    0x08002b6c   0x08002b6c   0x00000052   Code   RO         1707    .text.DVTask        dvtask.o
    0x08002bbe   0x08002bbe   0x00000002   PAD
    0x08002bc0   0x08002bc0   0x00000002   Code   RO          147    .text.DebugMon_Handler  stm32f4xx_it.o
    0x08002bc2   0x08002bc2   0x00000002   PAD
    0x08002bc4   0x08002bc4   0x0000006c   Code   RO         1913    .text.EnQueue       refereebehaviour.o
    0x08002c30   0x08002c30   0x0000000e   Code   RO           15    .text.Error_Handler  main.o
    0x08002c3e   0x08002c3e   0x00000002   PAD
    0x08002c40   0x08002c40   0x0000004c   Code   RO         2448    .text.FindCommandForRecievedMessage  mbrtumaster.o
    0x08002c8c   0x08002c8c   0x0000017c   Code   RO         1968    .text.Float_Draw    rm_cilent_ui.o
    0x08002e08   0x08002e08   0x0000006a   Code   RO         2417    .text.GenerateCRC16CheckCode  mbrtu.o
    0x08002e72   0x08002e72   0x00000002   PAD
    0x08002e74   0x08002e74   0x0000023a   Code   RO         2394    .text.GenerateReadWriteCommand  mbpdu.o
    0x080030ae   0x080030ae   0x00000002   PAD
    0x080030b0   0x080030b0   0x0000001e   Code   RO         2159    .text.GetChassisMeasure  canreceivedecom.o
    0x080030ce   0x080030ce   0x00000002   PAD
    0x080030d0   0x080030d0   0x0000000a   Code   RO         2161    .text.GetYawMeasure  canreceivedecom.o
    0x080030da   0x080030da   0x00000002   PAD
    0x080030dc   0x080030dc   0x00000066   Code   RO         1958    .text.Get_CRC16_Check_Sum_UI  rm_cilent_ui.o
    0x08003142   0x08003142   0x00000002   PAD
    0x08003144   0x08003144   0x00000044   Code   RO         1956    .text.Get_CRC8_Check_Sum_UI  rm_cilent_ui.o
    0x08003188   0x08003188   0x00000052   Code   RO          234    .text.HAL_CAN_ActivateNotification  stm32f4xx_hal_can.o
    0x080031da   0x080031da   0x00000002   PAD
    0x080031dc   0x080031dc   0x00000170   Code   RO          220    .text.HAL_CAN_AddTxMessage  stm32f4xx_hal_can.o
    0x0800334c   0x0800334c   0x000001a4   Code   RO          210    .text.HAL_CAN_ConfigFilter  stm32f4xx_hal_can.o
    0x080034f0   0x080034f0   0x00000008   Code   RO          264    .text.HAL_CAN_ErrorCallback  stm32f4xx_hal_can.o
    0x080034f8   0x080034f8   0x000001f0   Code   RO          230    .text.HAL_CAN_GetRxMessage  stm32f4xx_hal_can.o
    0x080036e8   0x080036e8   0x000003f2   Code   RO          238    .text.HAL_CAN_IRQHandler  stm32f4xx_hal_can.o
    0x08003ada   0x08003ada   0x00000002   PAD
    0x08003adc   0x08003adc   0x000001de   Code   RO          200    .text.HAL_CAN_Init  stm32f4xx_hal_can.o
    0x08003cba   0x08003cba   0x00000002   PAD
    0x08003cbc   0x08003cbc   0x00000186   Code   RO           75    .text.HAL_CAN_MspInit  can.o
    0x08003e42   0x08003e42   0x00000002   PAD
    0x08003e44   0x08003e44   0x00000008   Code   RO          252    .text.HAL_CAN_RxFifo0FullCallback  stm32f4xx_hal_can.o
    0x08003e4c   0x08003e4c   0x000001f8   Code   RO         2157    .text.HAL_CAN_RxFifo0MsgPendingCallback  canreceivedecom.o
    0x08004044   0x08004044   0x00000008   Code   RO          256    .text.HAL_CAN_RxFifo1FullCallback  stm32f4xx_hal_can.o
    0x0800404c   0x0800404c   0x00000008   Code   RO          258    .text.HAL_CAN_RxFifo1MsgPendingCallback  stm32f4xx_hal_can.o
    0x08004054   0x08004054   0x00000008   Code   RO          260    .text.HAL_CAN_SleepCallback  stm32f4xx_hal_can.o
    0x0800405c   0x0800405c   0x0000008a   Code   RO          212    .text.HAL_CAN_Start  stm32f4xx_hal_can.o
    0x080040e6   0x080040e6   0x00000002   PAD
    0x080040e8   0x080040e8   0x00000008   Code   RO          242    .text.HAL_CAN_TxMailbox0AbortCallback  stm32f4xx_hal_can.o
    0x080040f0   0x080040f0   0x00000008   Code   RO          240    .text.HAL_CAN_TxMailbox0CompleteCallback  stm32f4xx_hal_can.o
    0x080040f8   0x080040f8   0x00000008   Code   RO          246    .text.HAL_CAN_TxMailbox1AbortCallback  stm32f4xx_hal_can.o
    0x08004100   0x08004100   0x00000008   Code   RO          244    .text.HAL_CAN_TxMailbox1CompleteCallback  stm32f4xx_hal_can.o
    0x08004108   0x08004108   0x00000008   Code   RO          250    .text.HAL_CAN_TxMailbox2AbortCallback  stm32f4xx_hal_can.o
    0x08004110   0x08004110   0x00000008   Code   RO          248    .text.HAL_CAN_TxMailbox2CompleteCallback  stm32f4xx_hal_can.o
    0x08004118   0x08004118   0x00000008   Code   RO          262    .text.HAL_CAN_WakeUpFromRxMsgCallback  stm32f4xx_hal_can.o
    0x08004120   0x08004120   0x000000ec   Code   RO          467    .text.HAL_DMA_Abort  stm32f4xx_hal_dma.o
    0x0800420c   0x0800420c   0x00000044   Code   RO          469    .text.HAL_DMA_Abort_IT  stm32f4xx_hal_dma.o
    0x08004250   0x08004250   0x0000031e   Code   RO          473    .text.HAL_DMA_IRQHandler  stm32f4xx_hal_dma.o
    0x0800456e   0x0800456e   0x00000002   PAD
    0x08004570   0x08004570   0x0000016e   Code   RO          453    .text.HAL_DMA_Init  stm32f4xx_hal_dma.o
    0x080046de   0x080046de   0x00000002   PAD
    0x080046e0   0x080046e0   0x000000c2   Code   RO          465    .text.HAL_DMA_Start_IT  stm32f4xx_hal_dma.o
    0x080047a2   0x080047a2   0x00000002   PAD
    0x080047a4   0x080047a4   0x000003b6   Code   RO          415    .text.HAL_GPIO_Init  stm32f4xx_hal_gpio.o
    0x08004b5a   0x08004b5a   0x00000002   PAD
    0x08004b5c   0x08004b5c   0x0000002e   Code   RO          421    .text.HAL_GPIO_WritePin  stm32f4xx_hal_gpio.o
    0x08004b8a   0x08004b8a   0x00000002   PAD
    0x08004b8c   0x08004b8c   0x0000000c   Code   RO          634    .text.HAL_GetTick   stm32f4xx_hal.o
    0x08004b98   0x08004b98   0x0000001a   Code   RO          632    .text.HAL_IncTick   stm32f4xx_hal.o
    0x08004bb2   0x08004bb2   0x00000002   PAD
    0x08004bb4   0x08004bb4   0x00000036   Code   RO          622    .text.HAL_Init      stm32f4xx_hal.o
    0x08004bea   0x08004bea   0x00000002   PAD
    0x08004bec   0x08004bec   0x000000b2   Code   RO          186    .text.HAL_InitTick  stm32f4xx_hal_timebase_tim.o
    0x08004c9e   0x08004c9e   0x00000002   PAD
    0x08004ca0   0x08004ca0   0x00000058   Code   RO          178    .text.HAL_MspInit   stm32f4xx_hal_msp.o
    0x08004cf8   0x08004cf8   0x00000014   Code   RO          563    .text.HAL_NVIC_EnableIRQ  stm32f4xx_hal_cortex.o
    0x08004d0c   0x08004d0c   0x00000032   Code   RO          555    .text.HAL_NVIC_SetPriority  stm32f4xx_hal_cortex.o
    0x08004d3e   0x08004d3e   0x00000002   PAD
    0x08004d40   0x08004d40   0x00000010   Code   RO          551    .text.HAL_NVIC_SetPriorityGrouping  stm32f4xx_hal_cortex.o
    0x08004d50   0x08004d50   0x00000262   Code   RO          283    .text.HAL_RCC_ClockConfig  stm32f4xx_hal_rcc.o
    0x08004fb2   0x08004fb2   0x00000002   PAD
    0x08004fb4   0x08004fb4   0x00000054   Code   RO          301    .text.HAL_RCC_GetClockConfig  stm32f4xx_hal_rcc.o
    0x08005008   0x08005008   0x0000000c   Code   RO          293    .text.HAL_RCC_GetHCLKFreq  stm32f4xx_hal_rcc.o
    0x08005014   0x08005014   0x00000022   Code   RO          295    .text.HAL_RCC_GetPCLK1Freq  stm32f4xx_hal_rcc.o
    0x08005036   0x08005036   0x00000002   PAD
    0x08005038   0x08005038   0x00000022   Code   RO          297    .text.HAL_RCC_GetPCLK2Freq  stm32f4xx_hal_rcc.o
    0x0800505a   0x0800505a   0x00000002   PAD
    0x0800505c   0x0800505c   0x000000e6   Code   RO          285    .text.HAL_RCC_GetSysClockFreq  stm32f4xx_hal_rcc.o
    0x08005142   0x08005142   0x00000002   PAD
    0x08005144   0x08005144   0x000006be   Code   RO          281    .text.HAL_RCC_OscConfig  stm32f4xx_hal_rcc.o
    0x08005802   0x08005802   0x00000002   PAD
    0x08005804   0x08005804   0x00000008   Code   RO         1034    .text.HAL_TIMEx_BreakCallback  stm32f4xx_hal_tim_ex.o
    0x0800580c   0x0800580c   0x00000008   Code   RO         1030    .text.HAL_TIMEx_CommutCallback  stm32f4xx_hal_tim_ex.o
    0x08005814   0x08005814   0x00000122   Code   RO         1024    .text.HAL_TIMEx_MasterConfigSynchronization  stm32f4xx_hal_tim_ex.o
    0x08005936   0x08005936   0x00000002   PAD
    0x08005938   0x08005938   0x0000009c   Code   RO          711    .text.HAL_TIM_Base_Init  stm32f4xx_hal_tim.o
    0x080059d4   0x080059d4   0x00000052   Code   RO           99    .text.HAL_TIM_Base_MspInit  tim.o
    0x08005a26   0x08005a26   0x00000002   PAD
    0x08005a28   0x08005a28   0x000000f6   Code   RO          725    .text.HAL_TIM_Base_Start_IT  stm32f4xx_hal_tim.o
    0x08005b1e   0x08005b1e   0x00000002   PAD
    0x08005b20   0x08005b20   0x00000184   Code   RO          903    .text.HAL_TIM_ConfigClockSource  stm32f4xx_hal_tim.o
    0x08005ca4   0x08005ca4   0x00000008   Code   RO          847    .text.HAL_TIM_IC_CaptureCallback  stm32f4xx_hal_tim.o
    0x08005cac   0x08005cac   0x0000027a   Code   RO          845    .text.HAL_TIM_IRQHandler  stm32f4xx_hal_tim.o
    0x08005f26   0x08005f26   0x00000002   PAD
    0x08005f28   0x08005f28   0x00000008   Code   RO          849    .text.HAL_TIM_OC_DelayElapsedCallback  stm32f4xx_hal_tim.o
    0x08005f30   0x08005f30   0x00000008   Code   RO          851    .text.HAL_TIM_PWM_PulseFinishedCallback  stm32f4xx_hal_tim.o
    0x08005f38   0x08005f38   0x00000046   Code   RO         1739    .text.HAL_TIM_PeriodElapsedCallback  cansendtask.o
    0x08005f7e   0x08005f7e   0x00000002   PAD
    0x08005f80   0x08005f80   0x00000008   Code   RO          855    .text.HAL_TIM_TriggerCallback  stm32f4xx_hal_tim.o
    0x08005f88   0x08005f88   0x0000000c   Code   RO         1137    .text.HAL_UARTEx_RxEventCallback  stm32f4xx_hal_uart.o
    0x08005f94   0x08005f94   0x000000cc   Code   RO         1091    .text.HAL_UART_DMAStop  stm32f4xx_hal_uart.o
    0x08006060   0x08006060   0x00000008   Code   RO         1135    .text.HAL_UART_ErrorCallback  stm32f4xx_hal_uart.o
    0x08006068   0x08006068   0x0000041e   Code   RO         1129    .text.HAL_UART_IRQHandler  stm32f4xx_hal_uart.o
    0x08006486   0x08006486   0x00000002   PAD
    0x08006488   0x08006488   0x0000009a   Code   RO         1047    .text.HAL_UART_Init  stm32f4xx_hal_uart.o
    0x08006522   0x08006522   0x00000002   PAD
    0x08006524   0x08006524   0x000003be   Code   RO          117    .text.HAL_UART_MspInit  usart.o
    0x080068e2   0x080068e2   0x00000002   PAD
    0x080068e4   0x080068e4   0x00000078   Code   RO         1083    .text.HAL_UART_Receive_DMA  stm32f4xx_hal_uart.o
    0x0800695c   0x0800695c   0x00000008   Code   RO         1147    .text.HAL_UART_RxCpltCallback  stm32f4xx_hal_uart.o
    0x08006964   0x08006964   0x00000008   Code   RO         1149    .text.HAL_UART_RxHalfCpltCallback  stm32f4xx_hal_uart.o
    0x0800696c   0x0800696c   0x0000014e   Code   RO         1063    .text.HAL_UART_Transmit  stm32f4xx_hal_uart.o
    0x08006aba   0x08006aba   0x00000002   PAD
    0x08006abc   0x08006abc   0x00000110   Code   RO         1075    .text.HAL_UART_Transmit_DMA  stm32f4xx_hal_uart.o
    0x08006bcc   0x08006bcc   0x00000008   Code   RO         1143    .text.HAL_UART_TxCpltCallback  stm32f4xx_hal_uart.o
    0x08006bd4   0x08006bd4   0x00000008   Code   RO         1145    .text.HAL_UART_TxHalfCpltCallback  stm32f4xx_hal_uart.o
    0x08006bdc   0x08006bdc   0x00000042   Code   RO         2434    .text.HandleReadCoilStatusRespond  mbrtumaster.o
    0x08006c1e   0x08006c1e   0x00000002   PAD
    0x08006c20   0x08006c20   0x00000044   Code   RO         2438    .text.HandleReadHoldingRegisterRespond  mbrtumaster.o
    0x08006c64   0x08006c64   0x00000044   Code   RO         2440    .text.HandleReadInputRegisterRespond  mbrtumaster.o
    0x08006ca8   0x08006ca8   0x00000042   Code   RO         2436    .text.HandleReadInputStatusRespond  mbrtumaster.o
    0x08006cea   0x08006cea   0x00000002   PAD
    0x08006cec   0x08006cec   0x00000004   Code   RO          139    .text.HardFault_Handler  stm32f4xx_it.o
    0x08006cf0   0x08006cf0   0x000000e0   Code   RO         2450    .text.InitializeRTUMasterObject  mbrtumaster.o
    0x08006dd0   0x08006dd0   0x00000026   Code   RO         1919    .text.IsEmpty       refereebehaviour.o
    0x08006df6   0x08006df6   0x00000002   PAD
    0x08006df8   0x08006df8   0x0000002a   Code   RO         1917    .text.IsFull        refereebehaviour.o
    0x08006e22   0x08006e22   0x00000002   PAD
    0x08006e24   0x08006e24   0x0000019e   Code   RO         1960    .text.Line_Draw     rm_cilent_ui.o
    0x08006fc2   0x08006fc2   0x00000002   PAD
    0x08006fc4   0x08006fc4   0x0000004e   Code   RO           71    .text.MX_CAN1_Init  can.o
    0x08007012   0x08007012   0x00000002   PAD
    0x08007014   0x08007014   0x0000004e   Code   RO           73    .text.MX_CAN2_Init  can.o
    0x08007062   0x08007062   0x00000002   PAD
    0x08007064   0x08007064   0x000000bc   Code   RO           89    .text.MX_DMA_Init   dma.o
    0x08007120   0x08007120   0x0000017e   Code   RO           35    .text.MX_FREERTOS_Init  freertos.o
    0x0800729e   0x0800729e   0x00000002   PAD
    0x080072a0   0x080072a0   0x000000ec   Code   RO           25    .text.MX_GPIO_Init  gpio.o
    0x0800738c   0x0800738c   0x00000084   Code   RO           97    .text.MX_TIM3_Init  tim.o
    0x08007410   0x08007410   0x00000040   Code   RO          111    .text.MX_USART1_UART_Init  usart.o
    0x08007450   0x08007450   0x00000040   Code   RO          113    .text.MX_USART3_UART_Init  usart.o
    0x08007490   0x08007490   0x00000040   Code   RO          115    .text.MX_USART6_UART_Init  usart.o
    0x080074d0   0x080074d0   0x00000004   Code   RO          141    .text.MemManage_Handler  stm32f4xx_it.o
    0x080074d4   0x080074d4   0x00000004   Code   RO          137    .text.NMI_Handler   stm32f4xx_it.o
    0x080074d8   0x080074d8   0x0000006c   Code   RO          561    .text.NVIC_EncodePriority  stm32f4xx_hal_cortex.o
    0x08007544   0x08007544   0x00000378   Code   RO         2082    .text.PID_calc      pid.o
    0x080078bc   0x080078bc   0x0000007e   Code   RO         2078    .text.PID_init      pid.o
    0x0800793a   0x0800793a   0x00000002   PAD
    0x0800793c   0x0800793c   0x000001b4   Code   RO         2444    .text.ParsingSlaveRespondMessage  mbrtumaster.o
    0x08007af0   0x08007af0   0x00000064   Code   RO         1661    .text.PendSV_Handler  port.o
    0x08007b54   0x08007b54   0x00000106   Code   RO         1921    .text.Pop           refereebehaviour.o
    0x08007c5a   0x08007c5a   0x00000002   PAD
    0x08007c5c   0x08007c5c   0x00000068   Code   RO         1864    .text.ReadCommand   cmsinterface.o
    0x08007cc4   0x08007cc4   0x000001c0   Code   RO         1962    .text.Rectangle_Draw  rm_cilent_ui.o
    0x08007e84   0x08007e84   0x00000052   Code   RO         1716    .text.RefereeTask   refereetask.o
    0x08007ed6   0x08007ed6   0x0000000a   PAD
    0x08007ee0   0x08007ee0   0x00000024   Code   RO         1645    .text.SVC_Handler   port.o
    0x08007f04   0x08007f04   0x00000010   Code   RO           37    .text.StartDefaultTask  freertos.o
    0x08007f14   0x08007f14   0x000000b0   Code   RO         2421    .text.SyntheticReadWriteSlaveCommand  mbrtu.o
    0x08007fc4   0x08007fc4   0x0000003c   Code   RO         1663    .text.SysTick_Handler  port.o
    0x08008000   0x08008000   0x000000ba   Code   RO           13    .text.SystemClock_Config  main.o
    0x080080ba   0x080080ba   0x00000002   PAD
    0x080080bc   0x080080bc   0x00000012   Code   RO         1176    .text.SystemInit    system_stm32f4xx.o
    0x080080ce   0x080080ce   0x00000002   PAD
    0x080080d0   0x080080d0   0x00000010   Code   RO          155    .text.TIM3_IRQHandler  stm32f4xx_it.o
    0x080080e0   0x080080e0   0x00000010   Code   RO          159    .text.TIM7_IRQHandler  stm32f4xx_it.o
    0x080080f0   0x080080f0   0x0000019a   Code   RO          715    .text.TIM_Base_SetConfig  stm32f4xx_hal_tim.o
    0x0800828a   0x0800828a   0x00000002   PAD
    0x0800828c   0x0800828c   0x00000034   Code   RO          901    .text.TIM_ETR_SetConfig  stm32f4xx_hal_tim.o
    0x080082c0   0x080082c0   0x0000002a   Code   RO          907    .text.TIM_ITRx_SetConfig  stm32f4xx_hal_tim.o
    0x080082ea   0x080082ea   0x00000002   PAD
    0x080082ec   0x080082ec   0x00000050   Code   RO          905    .text.TIM_TI1_ConfigInputStage  stm32f4xx_hal_tim.o
    0x0800833c   0x0800833c   0x00000052   Code   RO          909    .text.TIM_TI2_ConfigInputStage  stm32f4xx_hal_tim.o
    0x0800838e   0x0800838e   0x00000002   PAD
    0x08008390   0x08008390   0x0000010e   Code   RO         2400    .text.TransformClientReceivedData  mbpdu.o
    0x0800849e   0x0800849e   0x00000002   PAD
    0x080084a0   0x080084a0   0x00000020   Code   RO         1133    .text.UART_DMAAbortOnError  stm32f4xx_hal_uart.o
    0x080084c0   0x080084c0   0x0000007c   Code   RO         1081    .text.UART_DMAError  stm32f4xx_hal_uart.o
    0x0800853c   0x0800853c   0x000000ee   Code   RO         1165    .text.UART_DMAReceiveCplt  stm32f4xx_hal_uart.o
    0x0800862a   0x0800862a   0x00000002   PAD
    0x0800862c   0x0800862c   0x0000002e   Code   RO         1167    .text.UART_DMARxHalfCplt  stm32f4xx_hal_uart.o
    0x0800865a   0x0800865a   0x00000002   PAD
    0x0800865c   0x0800865c   0x0000007a   Code   RO         1077    .text.UART_DMATransmitCplt  stm32f4xx_hal_uart.o
    0x080086d6   0x080086d6   0x00000002   PAD
    0x080086d8   0x080086d8   0x00000016   Code   RO         1079    .text.UART_DMATxHalfCplt  stm32f4xx_hal_uart.o
    0x080086ee   0x080086ee   0x00000002   PAD
    0x080086f0   0x080086f0   0x00000094   Code   RO         1095    .text.UART_EndRxTransfer  stm32f4xx_hal_uart.o
    0x08008784   0x08008784   0x00000026   Code   RO         1141    .text.UART_EndTransmit_IT  stm32f4xx_hal_uart.o
    0x080087aa   0x080087aa   0x00000002   PAD
    0x080087ac   0x080087ac   0x00000036   Code   RO         1093    .text.UART_EndTxTransfer  stm32f4xx_hal_uart.o
    0x080087e2   0x080087e2   0x00000002   PAD
    0x080087e4   0x080087e4   0x00000164   Code   RO         1131    .text.UART_Receive_IT  stm32f4xx_hal_uart.o
    0x08008948   0x08008948   0x0000013a   Code   RO         1051    .text.UART_SetConfig  stm32f4xx_hal_uart.o
    0x08008a82   0x08008a82   0x00000002   PAD
    0x08008a84   0x08008a84   0x00000118   Code   RO         1085    .text.UART_Start_Receive_DMA  stm32f4xx_hal_uart.o
    0x08008b9c   0x08008b9c   0x00000094   Code   RO         1139    .text.UART_Transmit_IT  stm32f4xx_hal_uart.o
    0x08008c30   0x08008c30   0x000000d2   Code   RO         1065    .text.UART_WaitOnFlagUntilTimeout  stm32f4xx_hal_uart.o
    0x08008d02   0x08008d02   0x00000002   PAD
    0x08008d04   0x08008d04   0x000019d0   Code   RO         1751    .text.UI            ui.o
    0x0800a6d4   0x0800a6d4   0x000002e8   Code   RO         1972    .text.UI_ReFresh    rm_cilent_ui.o
    0x0800a9bc   0x0800a9bc   0x00000020   Code   RO         1952    .text.UI_SendByte   rm_cilent_ui.o
    0x0800a9dc   0x0800a9dc   0x00000010   Code   RO          157    .text.USART1_IRQHandler  stm32f4xx_it.o
    0x0800a9ec   0x0800a9ec   0x00000096   Code   RO         1880    .text.USART3_IRQHandler  cmsinterface.o
    0x0800aa82   0x0800aa82   0x00000002   PAD
    0x0800aa84   0x0800aa84   0x0000011a   Code   RO         1720    .text.USART6_IRQHandler  refereetask.o
    0x0800ab9e   0x0800ab9e   0x00000002   PAD
    0x0800aba0   0x0800aba0   0x000000d6   Code   RO         1844    .text.USER_CMS_init  cmsinterface.o
    0x0800ac76   0x0800ac76   0x00000002   PAD
    0x0800ac78   0x0800ac78   0x0000001a   Code   RO         1836    .text.USER_ClosePower  cmsinterface.o
    0x0800ac92   0x0800ac92   0x00000002   PAD
    0x0800ac94   0x0800ac94   0x0000001a   Code   RO         1834    .text.USER_OpenPower  cmsinterface.o
    0x0800acae   0x0800acae   0x00000002   PAD
    0x0800acb0   0x0800acb0   0x0000000e   Code   RO         1828    .text.USER_ReadBuckCurrent  cmsinterface.o
    0x0800acbe   0x0800acbe   0x00000002   PAD
    0x0800acc0   0x0800acc0   0x0000000e   Code   RO         1830    .text.USER_ReadCapVoltage  cmsinterface.o
    0x0800acce   0x0800acce   0x00000002   PAD
    0x0800acd0   0x0800acd0   0x0000000e   Code   RO         1832    .text.USER_ReadCurrentLimt  cmsinterface.o
    0x0800acde   0x0800acde   0x00000002   PAD
    0x0800ace0   0x0800ace0   0x0000000e   Code   RO         1826    .text.USER_ReadPowerRoute  cmsinterface.o
    0x0800acee   0x0800acee   0x00000002   PAD
    0x0800acf0   0x0800acf0   0x0000000e   Code   RO         1824    .text.USER_ReadPowerState  cmsinterface.o
    0x0800acfe   0x0800acfe   0x00000002   PAD
    0x0800ad00   0x0800ad00   0x00000018   Code   RO         1860    .text.USER_SetLimitCurrent  cmsinterface.o
    0x0800ad18   0x0800ad18   0x00000016   Code   RO         1838    .text.USER_SwitchBattDirec  cmsinterface.o
    0x0800ad2e   0x0800ad2e   0x00000002   PAD
    0x0800ad30   0x0800ad30   0x00000016   Code   RO         1840    .text.USER_SwitchBuckBoost  cmsinterface.o
    0x0800ad46   0x0800ad46   0x00000002   PAD
    0x0800ad48   0x0800ad48   0x00000016   Code   RO         1842    .text.USER_SwitchSutdown  cmsinterface.o
    0x0800ad5e   0x0800ad5e   0x00000002   PAD
    0x0800ad60   0x0800ad60   0x00000050   Code   RO         1846    .text.UpdateCoilStatus  cmsinterface.o
    0x0800adb0   0x0800adb0   0x0000004e   Code   RO         1850    .text.UpdateHoldingRegister  cmsinterface.o
    0x0800adfe   0x0800adfe   0x00000002   PAD
    0x0800ae00   0x0800ae00   0x0000004e   Code   RO         1852    .text.UpdateInputResgister  cmsinterface.o
    0x0800ae4e   0x0800ae4e   0x00000002   PAD
    0x0800ae50   0x0800ae50   0x00000050   Code   RO         1848    .text.UpdateInputStatus  cmsinterface.o
    0x0800aea0   0x0800aea0   0x00000004   Code   RO          145    .text.UsageFault_Handler  stm32f4xx_it.o
    0x0800aea4   0x0800aea4   0x00000066   Code   RO         1874    .text.WriteCommand  cmsinterface.o
    0x0800af0a   0x0800af0a   0x00000002   PAD
    0x0800af0c   0x0800af0c   0x00000030   Code   RO          565    .text.__NVIC_EnableIRQ  stm32f4xx_hal_cortex.o
    0x0800af3c   0x0800af3c   0x00000010   Code   RO          557    .text.__NVIC_GetPriorityGrouping  stm32f4xx_hal_cortex.o
    0x0800af4c   0x0800af4c   0x00000042   Code   RO          559    .text.__NVIC_SetPriority  stm32f4xx_hal_cortex.o
    0x0800af8e   0x0800af8e   0x00000002   PAD
    0x0800af90   0x0800af90   0x0000003c   Code   RO          553    .text.__NVIC_SetPriorityGrouping  stm32f4xx_hal_cortex.o
    0x0800afcc   0x0800afcc   0x0000006a   Code   RO         2155    .text.can_filter_init  canreceivedecom.o
    0x0800b036   0x0800b036   0x00000002   PAD
    0x0800b038   0x0800b038   0x00000064   Code   RO         2023    .text.fifo_s_get    fifo.o
    0x0800b09c   0x0800b09c   0x00000036   Code   RO         2013    .text.fifo_s_init   fifo.o
    0x0800b0d2   0x0800b0d2   0x00000002   PAD
    0x0800b0d4   0x0800b0d4   0x00000102   Code   RO         2019    .text.fifo_s_puts   fifo.o
    0x0800b1d6   0x0800b1d6   0x00000002   PAD
    0x0800b1d8   0x0800b1d8   0x0000000c   Code   RO         2037    .text.fifo_s_used   fifo.o
    0x0800b1e4   0x0800b1e4   0x00000030   Code   RO         2204    .text.fputc         vofa.o
    0x0800b214   0x0800b214   0x00000066   Code   RO         1994    .text.get_CRC16_check_sum  crc8_crc16.o
    0x0800b27a   0x0800b27a   0x00000002   PAD
    0x0800b27c   0x0800b27c   0x00000044   Code   RO         1988    .text.get_CRC8_check_sum  crc8_crc16.o
    0x0800b2c0   0x0800b2c0   0x000000fe   Code   RO         1909    .text.init_referee_struct_data  refereebehaviour.o
    0x0800b3be   0x0800b3be   0x00000002   PAD
    0x0800b3c0   0x0800b3c0   0x000000d4   Code   RO         2121    .text.loop_fp32_constrain  user_lib.o
    0x0800b494   0x0800b494   0x00000074   Code   RO           11    .text.main          main.o
    0x0800b508   0x0800b508   0x00000028   Code   RO         1500    .text.makeFreeRtosPriority  cmsis_os.o
    0x0800b530   0x0800b530   0x00000028   Code   RO         1514    .text.osDelay       cmsis_os.o
    0x0800b558   0x0800b558   0x0000000c   Code   RO         1580    .text.osDelayUntil  cmsis_os.o
    0x0800b564   0x0800b564   0x0000000a   Code   RO         1490    .text.osKernelStart  cmsis_os.o
    0x0800b56e   0x0800b56e   0x00000002   PAD
    0x0800b570   0x0800b570   0x000000ac   Code   RO         1498    .text.osThreadCreate  cmsis_os.o
    0x0800b61c   0x0800b61c   0x000000f4   Code   RO         1374    .text.prvAddCurrentTaskToDelayedList  tasks.o
    0x0800b710   0x0800b710   0x00000110   Code   RO         1360    .text.prvAddNewTaskToReadyList  tasks.o
    0x0800b820   0x0800b820   0x0000005a   Code   RO         1458    .text.prvCheckTasksWaitingTermination  tasks.o
    0x0800b87a   0x0800b87a   0x00000002   PAD
    0x0800b87c   0x0800b87c   0x0000005e   Code   RO         1366    .text.prvDeleteTCB  tasks.o
    0x0800b8da   0x0800b8da   0x00000002   PAD
    0x0800b8dc   0x0800b8dc   0x000000bc   Code   RO         1612    .text.prvHeapInit   heap_4.o
    0x0800b998   0x0800b998   0x00000038   Code   RO         1396    .text.prvIdleTask   tasks.o
    0x0800b9d0   0x0800b9d0   0x00000114   Code   RO         1358    .text.prvInitialiseNewTask  tasks.o
    0x0800bae4   0x0800bae4   0x0000008e   Code   RO         1456    .text.prvInitialiseTaskLists  tasks.o
    0x0800bb72   0x0800bb72   0x00000002   PAD
    0x0800bb74   0x0800bb74   0x000000c6   Code   RO         1614    .text.prvInsertBlockIntoFreeList  heap_4.o
    0x0800bc3a   0x0800bc3a   0x00000002   PAD
    0x0800bc3c   0x0800bc3c   0x00000028   Code   RO         1653    .text.prvPortStartFirstTask  port.o
    0x0800bc64   0x0800bc64   0x00000046   Code   RO         1368    .text.prvResetNextTaskUnblockTime  tasks.o
    0x0800bcaa   0x0800bcaa   0x00000002   PAD
    0x0800bcac   0x0800bcac   0x0000004c   Code   RO         1643    .text.prvTaskExitError  port.o
    0x0800bcf8   0x0800bcf8   0x000001ec   Code   RO         1610    .text.pvPortMalloc  heap_4.o
    0x0800bee4   0x0800bee4   0x0000005e   Code   RO         1641    .text.pxPortInitialiseStack  port.o
    0x0800bf42   0x0800bf42   0x00000002   PAD
    0x0800bf44   0x0800bf44   0x0000037a   Code   RO         1911    .text.referee_data_solve  refereebehaviour.o
    0x0800c2be   0x0800c2be   0x00000002   PAD
    0x0800c2c0   0x0800c2c0   0x000001e4   Code   RO         1718    .text.referee_unpack_fifo_data  refereetask.o
    0x0800c4a4   0x0800c4a4   0x00000092   Code   RO         2179    .text.send_bullet_limit  chassissendprotocol.o
    0x0800c536   0x0800c536   0x00000002   PAD
    0x0800c538   0x0800c538   0x000000b6   Code   RO         2177    .text.send_bullet_speed  chassissendprotocol.o
    0x0800c5ee   0x0800c5ee   0x00000002   PAD
    0x0800c5f0   0x0800c5f0   0x0000007e   Code   RO         2185    .text.send_enemy_information  chassissendprotocol.o
    0x0800c66e   0x0800c66e   0x00000002   PAD
    0x0800c670   0x0800c670   0x00000088   Code   RO         2175    .text.send_power_heat_data  chassissendprotocol.o
    0x0800c6f8   0x0800c6f8   0x0000005e   Code   RO         2183    .text.send_robot_information  chassissendprotocol.o
    0x0800c756   0x0800c756   0x00000002   PAD
    0x0800c758   0x0800c758   0x00000024   Code   RO         2123    .text.theta_format  user_lib.o
    0x0800c77c   0x0800c77c   0x00000190   Code   RO         2134    .text.usart6_init   bsp_referee.o
    0x0800c90c   0x0800c90c   0x00000048   Code   RO         1228    .text.uxListRemove  list.o
    0x0800c954   0x0800c954   0x0000002a   Code   RO           33    .text.vApplicationGetIdleTaskMemory  freertos.o
    0x0800c97e   0x0800c97e   0x00000002   PAD
    0x0800c980   0x0800c980   0x0000002e   Code   RO         1220    .text.vListInitialise  list.o
    0x0800c9ae   0x0800c9ae   0x00000002   PAD
    0x0800c9b0   0x0800c9b0   0x0000000e   Code   RO         1222    .text.vListInitialiseItem  list.o
    0x0800c9be   0x0800c9be   0x00000002   PAD
    0x0800c9c0   0x0800c9c0   0x0000006a   Code   RO         1226    .text.vListInsert   list.o
    0x0800ca2a   0x0800ca2a   0x00000002   PAD
    0x0800ca2c   0x0800ca2c   0x0000003a   Code   RO         1224    .text.vListInsertEnd  list.o
    0x0800ca66   0x0800ca66   0x00000002   PAD
    0x0800ca68   0x0800ca68   0x00000014   Code   RO         1651    .text.vPortEnableVFP  port.o
    0x0800ca7c   0x0800ca7c   0x00000056   Code   RO         1657    .text.vPortEnterCritical  port.o
    0x0800cad2   0x0800cad2   0x00000002   PAD
    0x0800cad4   0x0800cad4   0x0000004a   Code   RO         1659    .text.vPortExitCritical  port.o
    0x0800cb1e   0x0800cb1e   0x00000002   PAD
    0x0800cb20   0x0800cb20   0x000000ce   Code   RO         1616    .text.vPortFree     heap_4.o
    0x0800cbee   0x0800cbee   0x00000002   PAD
    0x0800cbf0   0x0800cbf0   0x00000044   Code   RO         1649    .text.vPortSetupTimerInterrupt  port.o
    0x0800cc34   0x0800cc34   0x0000006e   Code   RO         1370    .text.vTaskDelay    tasks.o
    0x0800cca2   0x0800cca2   0x00000002   PAD
    0x0800cca4   0x0800cca4   0x000000ce   Code   RO         1394    .text.vTaskStartScheduler  tasks.o
    0x0800cd72   0x0800cd72   0x00000002   PAD
    0x0800cd74   0x0800cd74   0x00000010   Code   RO         1372    .text.vTaskSuspendAll  tasks.o
    0x0800cd84   0x0800cd84   0x000000be   Code   RO         1386    .text.vTaskSwitchContext  tasks.o
    0x0800ce42   0x0800ce42   0x00000002   PAD
    0x0800ce44   0x0800ce44   0x0000007c   Code   RO         1996    .text.verify_CRC16_check_sum  crc8_crc16.o
    0x0800cec0   0x0800cec0   0x00000052   Code   RO         1990    .text.verify_CRC8_check_sum  crc8_crc16.o
    0x0800cf12   0x0800cf12   0x00000002   PAD
    0x0800cf14   0x0800cf14   0x00000156   Code   RO         1647    .text.xPortStartScheduler  port.o
    0x0800d06a   0x0800d06a   0x00000002   PAD
    0x0800d06c   0x0800d06c   0x0000009e   Code   RO         1362    .text.xTaskCreate   tasks.o
    0x0800d10a   0x0800d10a   0x00000002   PAD
    0x0800d10c   0x0800d10c   0x000000ce   Code   RO         1356    .text.xTaskCreateStatic  tasks.o
    0x0800d1da   0x0800d1da   0x00000002   PAD
    0x0800d1dc   0x0800d1dc   0x000001b8   Code   RO         1400    .text.xTaskIncrementTick  tasks.o
    0x0800d394   0x0800d394   0x00000178   Code   RO         1376    .text.xTaskResumeAll  tasks.o
    0x0800d50c   0x0800d50c   0x00000020   Code   RO         2753    i.__0printf         mc_w.l(printfa.o)
    0x0800d52c   0x0800d52c   0x00000030   Code   RO         2842    i.__ARM_fpclassify  m_wm.l(fpclassify.o)
    0x0800d55c   0x0800d55c   0x00000004   PAD
    0x0800d560   0x0800d560   0x00000358   Code   RO         2734    i.__hardfp_exp      m_wm.l(exp.o)
    0x0800d8b8   0x0800d8b8   0x000000f8   Code   RO         2844    i.__kernel_poly     m_wm.l(poly.o)
    0x0800d9b0   0x0800d9b0   0x00000014   Code   RO         2829    i.__mathlib_dbl_infnan  m_wm.l(dunder.o)
    0x0800d9c4   0x0800d9c4   0x00000004   PAD
    0x0800d9c8   0x0800d9c8   0x00000020   Code   RO         2832    i.__mathlib_dbl_overflow  m_wm.l(dunder.o)
    0x0800d9e8   0x0800d9e8   0x00000020   Code   RO         2834    i.__mathlib_dbl_underflow  m_wm.l(dunder.o)
    0x0800da08   0x0800da08   0x0000000e   Code   RO         2901    i.__scatterload_copy  mc_w.l(handlers.o)
    0x0800da16   0x0800da16   0x00000002   Code   RO         2902    i.__scatterload_null  mc_w.l(handlers.o)
    0x0800da18   0x0800da18   0x0000000e   Code   RO         2903    i.__scatterload_zeroinit  mc_w.l(handlers.o)
    0x0800da26   0x0800da26   0x00000002   PAD
    0x0800da28   0x0800da28   0x0000000c   Code   RO         2881    i.__set_errno       mc_w.l(errno.o)
    0x0800da34   0x0800da34   0x00000184   Code   RO         2760    i._fp_digits        mc_w.l(printfa.o)
    0x0800dbb8   0x0800dbb8   0x000006dc   Code   RO         2761    i._printf_core      mc_w.l(printfa.o)
    0x0800e294   0x0800e294   0x00000024   Code   RO         2762    i._printf_post_padding  mc_w.l(printfa.o)
    0x0800e2b8   0x0800e2b8   0x0000002e   Code   RO         2763    i._printf_pre_padding  mc_w.l(printfa.o)
    0x0800e2e6   0x0800e2e6   0x00000002   PAD
    0x0800e2e8   0x0800e2e8   0x00000804   Data   RO         2705    .constdata          arm_cortexM4lf_math.lib(arm_common_tables.o)
    0x0800eaec   0x0800eaec   0x00000004   PAD
    0x0800eaf0   0x0800eaf0   0x00000058   Data   RO         2737    .constdata          m_wm.l(exp.o)
    0x0800eb48   0x0800eb48   0x0000001c   Data   RO           60    .rodata..L__const.MX_FREERTOS_Init.os_thread_def_CanSend  freertos.o
    0x0800eb64   0x0800eb64   0x0000001c   Data   RO           54    .rodata..L__const.MX_FREERTOS_Init.os_thread_def_Chassis  freertos.o
    0x0800eb80   0x0800eb80   0x0000001c   Data   RO           58    .rodata..L__const.MX_FREERTOS_Init.os_thread_def_DataVsualizatio  freertos.o
    0x0800eb9c   0x0800eb9c   0x0000001c   Data   RO           62    .rodata..L__const.MX_FREERTOS_Init.os_thread_def_GUI  freertos.o
    0x0800ebb8   0x0800ebb8   0x0000001c   Data   RO           56    .rodata..L__const.MX_FREERTOS_Init.os_thread_def_Referee  freertos.o
    0x0800ebd4   0x0800ebd4   0x0000001c   Data   RO           52    .rodata..L__const.MX_FREERTOS_Init.os_thread_def_defaultTask  freertos.o
    0x0800ebf0   0x0800ebf0   0x00000010   Data   RO         1181    .rodata.AHBPrescTable  system_stm32f4xx.o
    0x0800ec00   0x0800ec00   0x00000008   Data   RO         1182    .rodata.APBPrescTable  system_stm32f4xx.o
    0x0800ec08   0x0800ec08   0x00000100   Data   RO         1978    .rodata.CRC8_TAB_UI  rm_cilent_ui.o
    0x0800ed08   0x0800ed08   0x00000100   Data   RO         2001    .rodata.CRC8_table  crc8_crc16.o
    0x0800ee08   0x0800ee08   0x00000008   Data   RO          483    .rodata.DMA_CalcBaseAndBitshift.flagBitshiftOffset  stm32f4xx_hal_dma.o
    0x0800ee10   0x0800ee10   0x00000100   Data   RO         2425    .rodata.auchCRCHi   mbrtu.o
    0x0800ef10   0x0800ef10   0x00000100   Data   RO         2426    .rodata.auchCRCLo   mbrtu.o
    0x0800f010   0x0800f010   0x00000038   Data   RO           51    .rodata.str1.1      freertos.o
    0x0800f048   0x0800f048   0x00000005   Data   RO         1471    .rodata.str1.1      tasks.o
    0x0800f04d   0x0800f04d   0x00000007   Data   RO         1709    .rodata.str1.1      dvtask.o
    0x0800f054   0x0800f054   0x000000fc   Data   RO         1757    .rodata.str1.1      ui.o
    0x0800f150   0x0800f150   0x00000200   Data   RO         1980    .rodata.wCRC_Table_UI  rm_cilent_ui.o
    0x0800f350   0x0800f350   0x00000200   Data   RO         2003    .rodata.wCRC_table  crc8_crc16.o
    0x0800f550   0x0800f550   0x00000020   Data   RO         2900    Region$$Table       anon$$obj.o


    Execution Region RW_IRAM1 (Exec base: 0x20000000, Load base: 0x0800f570, Size: 0x00007b38, Max: 0x0001c000, ABSOLUTE)

    Exec Addr    Load Addr    Size         Type   Attr      Idx    E Section Name        Object

    0x20000000   0x0800f570   0x00000004   Data   RW         2882    .data               mc_w.l(errno.o)
    0x20000004   0x0800f574   0x00000002   Data   RW         2002    .data.CRC16_INIT    crc8_crc16.o
    0x20000006   0x0800f576   0x00000002   PAD
    0x20000008   0x0800f578   0x00000014   Data   RW         1883    .data.CommandList   cmsinterface.o
    0x2000001c   0x0800f58c   0x00000010   Data   RW         2458    .data.HandleSlaveRespond  mbrtumaster.o
    0x2000002c   0x0800f59c   0x00000004   Data   RW         1754    .data.M             ui.o
    0x20000030   0x0800f5a0   0x00000014   Data   RW         1882    .data.ReadCommandList  cmsinterface.o
    0x20000044   0x0800f5b4   0x00000004   Data   RW         1803    .data.SupKp         chassispowerbehaviour.o
    0x20000048   0x0800f5b8   0x00000004   Data   RW         1180    .data.SystemCoreClock  system_stm32f4xx.o
    0x2000004c   0x0800f5bc   0x00000004   Data   RW         1753    .data.Time          ui.o
    0x20000050   0x0800f5c0   0x0000000c   Data   RW         1692    .data.WZPid         chassistask.o
    0x2000005c   0x0800f5cc   0x00000030   Data   RW         1691    .data.XYPid         chassistask.o
    0x2000008c   0x0800f5fc   0x00000004   Data   RW         1809    .data.real_buffer_limit  chassispowerbehaviour.o
    0x20000090   0x0800f600   0x00000004   Data   RW         1808    .data.robot_level   chassispowerbehaviour.o
    0x20000094   0x0800f604   0x00000004   Data   RW         1697    .data.rote_powkp    chassistask.o
    0x20000098   0x0800f608   0x00000004   Data   RW         1698    .data.roting_speed  chassistask.o
    0x2000009c   0x0800f60c   0x00000004   Data   RW         1812    .data.total_powerKP  chassispowerbehaviour.o
    0x200000a0   0x0800f610   0x00000001   Data   RW          677    .data.uwTickFreq    stm32f4xx_hal.o
    0x200000a1   0x0800f611   0x00000003   PAD
    0x200000a4   0x0800f614   0x00000004   Data   RW          676    .data.uwTickPrio    stm32f4xx_hal.o
    0x200000a8   0x0800f618   0x00000004   Data   RW         1669    .data.uxCriticalNesting  port.o
    0x200000ac   0x0800f61c   0x00000004   PAD
    0x200000b0        -       0x0000002d   Zero   RW         1782    .bss.Abuff          ui.o
    0x200000dd   0x0800f61c   0x00000003   PAD
    0x200000e0        -       0x00000014   Zero   RW         1696    .bss.BufferFunctionWZ  chassistask.o
    0x200000f4        -       0x00000014   Zero   RW         1694    .bss.BufferFunctionX  chassistask.o
    0x20000108        -       0x00000014   Zero   RW         1695    .bss.BufferFunctionY  chassistask.o
    0x2000011c        -       0x00000021   Zero   RW         2189    .bss.BulletLimit    chassissendprotocol.o
    0x2000013d        -       0x0000000b   Zero   RW         2188    .bss.BulletSpeed    chassissendprotocol.o
    0x20000148        -       0x00000004   Zero   RW         1742    .bss.CMSCounter     cansendtask.o
    0x2000014c        -       0x00000004   Zero   RW         1894    .bss.CMSInputCurrent  cmsinterface.o
    0x20000150        -       0x00000004   Zero   RW         1895    .bss.CMSInputVoltage  cmsinterface.o
    0x20000154        -       0x000000a4   Zero   RW         1897    .bss.CMS_Hub        cmsinterface.o
    0x200001f8        -       0x00000001   Zero   RW         1898    .bss.CMS_Route_ref  cmsinterface.o
    0x200001f9   0x0800f61c   0x00000003   PAD
    0x200001fc        -       0x00000004   Zero   RW           61    .bss.CanSendHandle  freertos.o
    0x20000200        -       0x00000004   Zero   RW         1893    .bss.CapChageCurrent  cmsinterface.o
    0x20000204        -       0x00000004   Zero   RW         1888    .bss.CapChageVoltage  cmsinterface.o
    0x20000208        -       0x0000002d   Zero   RW         1780    .bss.Cbuff          ui.o
    0x20000235   0x0800f61c   0x00000003   PAD
    0x20000238        -       0x000001b0   Zero   RW         1693    .bss.ChassisCtrl    chassistask.o
    0x200003e8        -       0x00000004   Zero   RW           55    .bss.ChassisHandle  freertos.o
    0x200003ec        -       0x00000050   Zero   RW         2164    .bss.ChassisMotor   canreceivedecom.o
    0x2000043c        -       0x00000040   Zero   RW         1890    .bss.CoilStatus     cmsinterface.o
    0x2000047c        -       0x00000004   Zero   RW         1884    .bss.CommandCounter  cmsinterface.o
    0x20000480        -       0x0000002d   Zero   RW         1769    .bss.DAFU           ui.o
    0x200004ad        -       0x0000000b   Zero   RW         1741    .bss.DataBuffer     cansendtask.o
    0x200004b8        -       0x00000004   Zero   RW           59    .bss.DataVsualizatioHandle  freertos.o
    0x200004bc        -       0x0000000b   Zero   RW         2194    .bss.EnemyInformation  chassissendprotocol.o
    0x200004c7   0x0800f61c   0x00000001   PAD
    0x200004c8        -       0x00000004   Zero   RW         1699    .bss.Erro_angle     chassistask.o
    0x200004cc        -       0x00000001   Zero   RW         1900    .bss.Error_Code     cmsinterface.o
    0x200004cd   0x0800f61c   0x00000003   PAD
    0x200004d0        -       0x00000004   Zero   RW           63    .bss.GUIHandle      freertos.o
    0x200004d4        -       0x00000001   Zero   RW         2163    .bss.HAL_CAN_RxFifo0MsgPendingCallback.i  canreceivedecom.o
    0x200004d5   0x0800f61c   0x00000003   PAD
    0x200004d8        -       0x00000004   Zero   RW           81    .bss.HAL_RCC_CAN1_CLK_ENABLED  can.o
    0x200004dc        -       0x00000080   Zero   RW         1896    .bss.HoldingRegister  cmsinterface.o
    0x2000055c        -       0x00000080   Zero   RW         1892    .bss.InputRegister  cmsinterface.o
    0x200005dc        -       0x00000040   Zero   RW         1901    .bss.InputStatus    cmsinterface.o
    0x2000061c        -       0x0000000f   Zero   RW         1783    .bss.Min            ui.o
    0x2000062b        -       0x00000007   Zero   RW         2166    .bss.PTZ            canreceivedecom.o
    0x20000632        -       0x0000002d   Zero   RW         1781    .bss.Pbuff          ui.o
    0x2000065f        -       0x00000016   Zero   RW         2187    .bss.PowerHeatData  chassissendprotocol.o
    0x20000675        -       0x00000001   Zero   RW         1891    .bss.PowerState     cmsinterface.o
    0x20000676   0x0800f61c   0x00000002   PAD
    0x20000678        -       0x00000004   Zero   RW           57    .bss.RefereeHandle  freertos.o
    0x2000067c        -       0x0000000b   Zero   RW         2192    .bss.RobotInformation  chassissendprotocol.o
    0x20000687   0x0800f61c   0x00000001   PAD
    0x20000688        -       0x00000004   Zero   RW         1755    .bss.S              ui.o
    0x2000068c        -       0x0000000f   Zero   RW         1784    .bss.Sec            ui.o
    0x2000069b   0x0800f61c   0x00000001   PAD
    0x2000069c        -       0x00000418   Zero   RW         1942    .bss.SendBuffer     refereebehaviour.o
    0x20000ab4        -       0x00000001   Zero   RW         1976    .bss.UI_Seq         rm_cilent_ui.o
    0x20000ab5   0x0800f61c   0x00000001   PAD
    0x20000ab6        -       0x00000002   Zero   RW         1727    .bss.USART6_IRQHandler.this_time_rx_len  refereetask.o
    0x20000ab8        -       0x00000014   Zero   RW         2165    .bss.YawMotor       canreceivedecom.o
    0x20000acc        -       0x0000002d   Zero   RW         1770    .bss.ZIMIAO         ui.o
    0x20000af9   0x0800f61c   0x00000003   PAD
    0x20000afc        -       0x00000054   Zero   RW         2206    .bss.__stdout       vofa.o
    0x20000b50        -       0x00000004   Zero   RW         1813    .bss.available_current  chassispowerbehaviour.o
    0x20000b54        -       0x00000001   Zero   RW         1935    .bss.buff_musk_t    refereebehaviour.o
    0x20000b55        -       0x0000002d   Zero   RW         1772    .bss.bullet3        ui.o
    0x20000b82        -       0x00000006   Zero   RW         1939    .bss.bullet_remaining_t  refereebehaviour.o
    0x20000b88        -       0x00000008   Zero   RW         2148    .bss.can_send_data_l  bspmotor.o
    0x20000b90        -       0x00000018   Zero   RW         1743    .bss.can_tx_message  cansendtask.o
    0x20000ba8        -       0x00000018   Zero   RW         2147    .bss.can_tx_message_l  bspmotor.o
    0x20000bc0        -       0x0000002d   Zero   RW         1767    .bss.capacity       ui.o
    0x20000bed        -       0x0000000f   Zero   RW         1768    .bss.capacityD      ui.o
    0x20000bfc        -       0x00000004   Zero   RW         1806    .bss.chassis_power  chassispowerbehaviour.o
    0x20000c00        -       0x00000004   Zero   RW         1807    .bss.chassis_power_buffer  chassispowerbehaviour.o
    0x20000c04        -       0x00000004   Zero   RW         1804    .bss.chassis_volt   chassispowerbehaviour.o
    0x20000c08        -       0x0000002d   Zero   RW         1774    .bss.dafustate      ui.o
    0x20000c35        -       0x0000002d   Zero   RW         1773    .bss.dafustate1     ui.o
    0x20000c62        -       0x00000006   Zero   RW         1944    .bss.dart_client_cmd_t  refereebehaviour.o
    0x20000c68        -       0x00000001   Zero   RW         1943    .bss.dart_remaining_time_t  refereebehaviour.o
    0x20000c69   0x0800f61c   0x00000003   PAD
    0x20000c6c        -       0x00000004   Zero   RW           53    .bss.defaultTaskHandle  freertos.o
    0x20000c70        -       0x0000000f   Zero   RW         1778    .bss.deng2          ui.o
    0x20000c7f        -       0x0000000f   Zero   RW         1771    .bss.deng3          ui.o
    0x20000c8e        -       0x00000008   Zero   RW         2193    .bss.enemy_information  chassissendprotocol.o
    0x20000c96   0x0800f61c   0x00000002   PAD
    0x20000c98        -       0x00000004   Zero   RW         1928    .bss.field_event    refereebehaviour.o
    0x20000c9c        -       0x00000001   Zero   RW         1926    .bss.game_result    refereebehaviour.o
    0x20000c9d   0x0800f61c   0x00000001   PAD
    0x20000c9e        -       0x00000020   Zero   RW         1927    .bss.game_robot_HP_t  refereebehaviour.o
    0x20000cbe   0x0800f61c   0x00000002   PAD
    0x20000cc0        -       0x00000010   Zero   RW         1934    .bss.game_robot_pos_t  refereebehaviour.o
    0x20000cd0        -       0x0000000b   Zero   RW         1925    .bss.game_state     refereebehaviour.o
    0x20000cdb   0x0800f61c   0x00000001   PAD
    0x20000cdc        -       0x00000028   Zero   RW           79    .bss.hcan1          can.o
    0x20000d04        -       0x00000028   Zero   RW           80    .bss.hcan2          can.o
    0x20000d2c        -       0x00000060   Zero   RW          125    .bss.hdma_usart1_rx  usart.o
    0x20000d8c        -       0x00000060   Zero   RW          124    .bss.hdma_usart1_tx  usart.o
    0x20000dec        -       0x00000060   Zero   RW          126    .bss.hdma_usart3_rx  usart.o
    0x20000e4c        -       0x00000060   Zero   RW          127    .bss.hdma_usart3_tx  usart.o
    0x20000eac        -       0x00000060   Zero   RW          128    .bss.hdma_usart6_rx  usart.o
    0x20000f0c        -       0x00000060   Zero   RW          129    .bss.hdma_usart6_tx  usart.o
    0x20000f6c        -       0x00000006   Zero   RW         1887    .bss.hgraInfo       cmsinterface.o
    0x20000f72   0x0800f61c   0x00000002   PAD
    0x20000f74        -       0x00000048   Zero   RW          103    .bss.htim3          tim.o
    0x20000fbc        -       0x00000048   Zero   RW          192    .bss.htim7          stm32f4xx_hal_timebase_tim.o
    0x20001004        -       0x00000044   Zero   RW          121    .bss.huart1         usart.o
    0x20001048        -       0x00000044   Zero   RW          122    .bss.huart3         usart.o
    0x2000108c        -       0x00000044   Zero   RW          123    .bss.huart6         usart.o
    0x200010d0        -       0x0000000f   Zero   RW         1758    .bss.imagex         ui.o
    0x200010df        -       0x0000000f   Zero   RW         1759    .bss.imagex1        ui.o
    0x200010ee        -       0x0000000f   Zero   RW         1760    .bss.imagex2        ui.o
    0x200010fd        -       0x0000000f   Zero   RW         1761    .bss.imagex3        ui.o
    0x2000110c        -       0x0000000f   Zero   RW         1766    .bss.imagey         ui.o
    0x2000111b        -       0x0000000f   Zero   RW         1763    .bss.imagey1        ui.o
    0x2000112a        -       0x0000000f   Zero   RW         1764    .bss.imagey2        ui.o
    0x20001139        -       0x0000000f   Zero   RW         1762    .bss.imagey3        ui.o
    0x20001148        -       0x0000000f   Zero   RW         1765    .bss.imagey4        ui.o
    0x20001157        -       0x0000000f   Zero   RW         1756    .bss.kuang          ui.o
    0x20001166   0x0800f61c   0x00000002   PAD
    0x20001168        -       0x00000010   Zero   RW         1933    .bss.power_heat_data_t  refereebehaviour.o
    0x20001178        -       0x00000004   Zero   RW         1805    .bss.power_limit    chassispowerbehaviour.o
    0x2000117c        -       0x00000004   Zero   RW         1460    .bss.pxCurrentTCB   tasks.o
    0x20001180        -       0x00000004   Zero   RW         1477    .bss.pxDelayedTaskList  tasks.o
    0x20001184        -       0x00000004   Zero   RW         1626    .bss.pxEnd          heap_4.o
    0x20001188        -       0x00000004   Zero   RW         1478    .bss.pxOverflowDelayedTaskList  tasks.o
    0x2000118c        -       0x0000008c   Zero   RW         1461    .bss.pxReadyTasksLists  tasks.o
    0x20001218        -       0x00000004   Zero   RW         1810    .bss.real_power_limit  chassispowerbehaviour.o
    0x2000121c        -       0x00000018   Zero   RW         1722    .bss.referee_fifo   refereetask.o
    0x20001234        -       0x00000400   Zero   RW         1723    .bss.referee_fifo_buf  refereetask.o
    0x20001634        -       0x00000005   Zero   RW         1923    .bss.referee_receive_header  refereebehaviour.o
    0x20001639        -       0x00000005   Zero   RW         1924    .bss.referee_send_header  refereebehaviour.o
    0x2000163e        -       0x00000089   Zero   RW         1725    .bss.referee_unpack_obj  refereetask.o
    0x200016c7        -       0x00000002   Zero   RW         1931    .bss.referee_warning_t  refereebehaviour.o
    0x200016c9   0x0800f61c   0x00000003   PAD
    0x200016cc        -       0x00000004   Zero   RW         1814    .bss.remain_current  chassispowerbehaviour.o
    0x200016d0        -       0x00000004   Zero   RW         1940    .bss.rfid_status_t  refereebehaviour.o
    0x200016d4        -       0x00000001   Zero   RW         1936    .bss.robot_energy_t  refereebehaviour.o
    0x200016d5        -       0x00000001   Zero   RW         1937    .bss.robot_hurt_t   refereebehaviour.o
    0x200016d6        -       0x00000006   Zero   RW         2191    .bss.robot_information  chassissendprotocol.o
    0x200016dc        -       0x0000001d   Zero   RW         1932    .bss.robot_state    refereebehaviour.o
    0x200016f9   0x0800f61c   0x00000003   PAD
    0x200016fc        -       0x00000038   Zero   RW         1885    .bss.rtuMaster      cmsinterface.o
    0x20001734        -       0x00000014   Zero   RW         1886    .bss.rtuSlave       cmsinterface.o
    0x20001748        -       0x00000007   Zero   RW         1938    .bss.shoot_data_t   refereebehaviour.o
    0x2000174f        -       0x0000002d   Zero   RW         1779    .bss.state          ui.o
    0x2000177c        -       0x0000002d   Zero   RW         1777    .bss.state4         ui.o
    0x200017a9   0x0800f61c   0x00000003   PAD
    0x200017ac        -       0x00000004   Zero   RW         1899    .bss.stop_time      cmsinterface.o
    0x200017b0        -       0x00000006   Zero   RW         1941    .bss.student_interactive_data_t  refereebehaviour.o
    0x200017b6        -       0x00000004   Zero   RW         1929    .bss.supply_projectile_action_t  refereebehaviour.o
    0x200017ba        -       0x00000003   Zero   RW         1930    .bss.supply_projectile_booking_t  refereebehaviour.o
    0x200017bd   0x0800f61c   0x00000003   PAD
    0x200017c0        -       0x00000004   Zero   RW         2459    .bss.testPoint      mbrtumaster.o
    0x200017c4        -       0x00000004   Zero   RW         1811    .bss.total_power    chassispowerbehaviour.o
    0x200017c8        -       0x00003c00   Zero   RW         1633    .bss.ucHeap         heap_4.o
    0x200053c8        -       0x00000001   Zero   RW         1667    .bss.ucMaxSysCallPriority  port.o
    0x200053c9   0x0800f61c   0x00000003   PAD
    0x200053cc        -       0x00000004   Zero   RW         1668    .bss.ulMaxPRIGROUPValue  port.o
    0x200053d0        -       0x00000400   Zero   RW         1724    .bss.usart6_buf     refereetask.o
    0x200057d0        -       0x00000004   Zero   RW          678    .bss.uwTick         stm32f4xx_hal.o
    0x200057d4        -       0x00000004   Zero   RW         1466    .bss.uxCurrentNumberOfTasks  tasks.o
    0x200057d8        -       0x00000004   Zero   RW         1465    .bss.uxDeletedTasksWaitingCleanUp  tasks.o
    0x200057dc        -       0x00000004   Zero   RW         1468    .bss.uxSchedulerSuspended  tasks.o
    0x200057e0        -       0x00000004   Zero   RW         1463    .bss.uxTaskNumber   tasks.o
    0x200057e4        -       0x00000004   Zero   RW         1462    .bss.uxTopReadyPriority  tasks.o
    0x200057e8        -       0x00000004   Zero   RW         1815    .bss.watch_pre_current  chassispowerbehaviour.o
    0x200057ec        -       0x00000004   Zero   RW         1627    .bss.xBlockAllocatedBit  heap_4.o
    0x200057f0        -       0x00000014   Zero   RW         1480    .bss.xDelayedTaskList1  tasks.o
    0x20005804        -       0x00000014   Zero   RW         1481    .bss.xDelayedTaskList2  tasks.o
    0x20005818        -       0x00000004   Zero   RW         1628    .bss.xFreeBytesRemaining  heap_4.o
    0x2000581c        -       0x00000200   Zero   RW           50    .bss.xIdleStack     freertos.o
    0x20005a1c        -       0x00000004   Zero   RW         1472    .bss.xIdleTaskHandle  tasks.o
    0x20005a20        -       0x00000054   Zero   RW           49    .bss.xIdleTaskTCBBuffer  freertos.o
    0x20005a74        -       0x00000004   Zero   RW         1630    .bss.xMinimumEverFreeBytesRemaining  heap_4.o
    0x20005a78        -       0x00000004   Zero   RW         1473    .bss.xNextTaskUnblockTime  tasks.o
    0x20005a7c        -       0x00000004   Zero   RW         1479    .bss.xNumOfOverflows  tasks.o
    0x20005a80        -       0x00000004   Zero   RW         1631    .bss.xNumberOfSuccessfulAllocations  heap_4.o
    0x20005a84        -       0x00000004   Zero   RW         1632    .bss.xNumberOfSuccessfulFrees  heap_4.o
    0x20005a88        -       0x00000004   Zero   RW         1476    .bss.xPendedTicks   tasks.o
    0x20005a8c        -       0x00000014   Zero   RW         1470    .bss.xPendingReadyList  tasks.o
    0x20005aa0        -       0x00000004   Zero   RW         1467    .bss.xSchedulerRunning  tasks.o
    0x20005aa4        -       0x00000008   Zero   RW         1629    .bss.xStart         heap_4.o
    0x20005aac        -       0x00000014   Zero   RW         1469    .bss.xSuspendedTaskList  tasks.o
    0x20005ac0        -       0x00000014   Zero   RW         1464    .bss.xTasksWaitingTermination  tasks.o
    0x20005ad4        -       0x00000004   Zero   RW         1474    .bss.xTickCount     tasks.o
    0x20005ad8        -       0x00000004   Zero   RW         1475    .bss.xYieldPending  tasks.o
    0x20005adc        -       0x0000002d   Zero   RW         1776    .bss.zimiaostate    ui.o
    0x20005b09        -       0x0000002d   Zero   RW         1775    .bss.zimiaostate1   ui.o
    0x20005b36   0x0800f61c   0x00000002   PAD
    0x20005b38        -       0x00002000   Zero   RW            1    STACK               startup_stm32f407xx.o


    Execution Region RW_IRAM2 (Exec base: 0x2001c000, Load base: 0x0800f620, Size: 0x00000000, Max: 0x00004000, ABSOLUTE)

    **** No section assigned to this execution region ****


==============================================================================

Image component sizes


      Code (inc. data)   RO Data    RW Data    ZI Data      Debug   Object Name

       400          0          0          0          0       1553   bsp_referee.o
       118          0          0          0         32       1473   bspmotor.o
       546          0          0          0         84       6447   can.o
       650         12          0          0        108       4755   canreceivedecom.o
       204          0          0          0         39       6096   cansendtask.o
      1596         52          0         16         36       1956   chassispowerbehaviour.o
       684          0          0          0        102       2146   chassissendprotocol.o
      2768         94          0         68        496       4177   chassistask.o
      2234          4          0         40        657      10638   cmsinterface.o
       274          0          0          0          0      16140   cmsis_os.o
       376          0        768          2          0       2148   crc8_crc16.o
       188          0          0          0          0       3313   dma.o
        82          0          7          0          0        419   dvtask.o
       424          0          0          0          0       9352   fifo.o
       440          0        224          0        620       3674   freertos.o
       236          0          0          0          0       2148   gpio.o
      1084          0          0          0      15392       4431   heap_4.o
       296          0          0          0          0       2199   list.o
       316          0          0          0          0       2724   main.o
      1180          0          0          0          0       5251   mbpdu.o
       324          0        512          0          0       2589   mbrtu.o
      1402          0          0         16          4       6385   mbrtumaster.o
      1014          0          0          0          0       2954   pid.o
       996         16          0          4          5       3811   port.o
      1594          0          0          0       1209       6643   refereebehaviour.o
       848          6          0          0       2211       3144   refereetask.o
      3758          8        768          0          1       7985   rm_cilent_ui.o
        36          8        392          0       8192        824   startup_stm32f407xx.o
        92          0          0          5          4       7088   stm32f4xx_hal.o
      3088          0          0          0          0      11291   stm32f4xx_hal_can.o
       384          0          0          0          0       9407   stm32f4xx_hal_cortex.o
      2068          8          8          0          0       8448   stm32f4xx_hal_dma.o
       996          0          0          0          0       5076   stm32f4xx_hal_gpio.o
        88          0          0          0          0       3336   stm32f4xx_hal_msp.o
      2730          0          0          0          0       7558   stm32f4xx_hal_rcc.o
      2122          0          0          0          0      35732   stm32f4xx_hal_tim.o
       306          0          0          0          0      15236   stm32f4xx_hal_tim_ex.o
       178          0          0          0         72       6947   stm32f4xx_hal_timebase_tim.o
      4322          0          0          0          0      20094   stm32f4xx_hal_uart.o
       198          0          0          0          0       1820   stm32f4xx_it.o
        18          0         24          4          0       2504   system_stm32f4xx.o
      2946          0          5          0        300      20298   tasks.o
       214          0          0          0         72       6956   tim.o
      6608          4        252          8        814       2753   ui.o
      1150          0          0          0        780       7856   usart.o
       248          8          0          0          0       4377   user_lib.o
        48          0          0          0         84       1363   vofa.o

    ----------------------------------------------------------------------
     52128        224       2992        168      31372     303515   Object Totals
         0          0         32          0          0          0   (incl. Generated)
       256          4          0          5         58          0   (incl. Padding)

    ----------------------------------------------------------------------

      Code (inc. data)   RO Data    RW Data    ZI Data      Debug   Library Member Name

         0          0       2052          0          0       4636   arm_common_tables.o
       120         12          0          0          0      18414   arm_cos_f32.o
       116         12          0          0          0        658   arm_sin_f32.o
        84         16          0          0          0        372   dunder.o
       856        142         88          0          0        288   exp.o
        48          0          0          0          0        124   fpclassify.o
       248          0          0          0          0        152   poly.o
         0          0          0          0          0          0   entry.o
         0          0          0          0          0          0   entry10a.o
         0          0          0          0          0          0   entry11a.o
         8          4          0          0          0          0   entry2.o
         4          0          0          0          0          0   entry5.o
         0          0          0          0          0          0   entry7b.o
         0          0          0          0          0          0   entry8b.o
         8          4          0          0          0          0   entry9a.o
        12          6          0          4          0         68   errno.o
        30          0          0          0          0          0   handlers.o
        36          8          0          0          0         68   init.o
         0          0          0          0          0          0   iusefp.o
        30          0          0          0          0         68   llshl.o
        36          0          0          0          0         68   llsshr.o
        32          0          0          0          0         68   llushr.o
        36          0          0          0          0         68   memcpya.o
        36          0          0          0          0        108   memseta.o
      2258         90          0          0          0        452   printfa.o
        44          0          0          0          0         80   uidiv.o
        98          0          0          0          0         92   uldiv.o
        48          0          0          0          0         68   cdcmple.o
        48          0          0          0          0         68   cdrcmple.o
        56          0          0          0          0         88   d2f.o
       334          0          0          0          0        148   dadd.o
       222          0          0          0          0        100   ddiv.o
       186          0          0          0          0        176   depilogue.o
        62          0          0          0          0         80   dfixi.o
        48          0          0          0          0         68   dfixul.o
        34          0          0          0          0         76   dflti.o
       228          0          0          0          0         96   dmul.o
        38          0          0          0          0         68   f2d.o
       110          0          0          0          0        168   fepilogue.o

    ----------------------------------------------------------------------
      5568        294       2144          4          0      26988   Library Totals
        14          0          4          0          0          0   (incl. Padding)

    ----------------------------------------------------------------------

      Code (inc. data)   RO Data    RW Data    ZI Data      Debug   Library Name

       236         24       2052          0          0      23708   arm_cortexM4lf_math.lib
      1236        158         88          0          0        936   m_wm.l
      2668        112          0          4          0       1140   mc_w.l
      1414          0          0          0          0       1204   mf_w.l

    ----------------------------------------------------------------------
      5568        294       2144          4          0      26988   Library Totals

    ----------------------------------------------------------------------

==============================================================================


      Code (inc. data)   RO Data    RW Data    ZI Data      Debug   

     57696        518       5136        172      31372     328011   Grand Totals
     57696        518       5136        172      31372     328011   ELF Image Totals
     57696        518       5136        172          0          0   ROM Totals

==============================================================================

    Total RO  Size (Code + RO Data)                62832 (  61.36kB)
    Total RW  Size (RW Data + ZI Data)             31544 (  30.80kB)
    Total ROM Size (Code + RO Data + RW Data)      63004 (  61.53kB)

==============================================================================

